Archive member included to satisfy reference by file (symbol)

e:/workspace/clion/gcc-arm-none-eabi-10.3-2021.10/bin/../lib/gcc/arm-none-eabi/10.3.1/../../../../arm-none-eabi/lib/thumb/v7-m/nofp\libg.a(lib_a-errno.o)
                              CMakeFiles/STM32_io_iic.elf.dir/Core/Src/retarget.c.obj (__errno)
e:/workspace/clion/gcc-arm-none-eabi-10.3-2021.10/bin/../lib/gcc/arm-none-eabi/10.3.1/../../../../arm-none-eabi/lib/thumb/v7-m/nofp\libg.a(lib_a-exit.o)
                              e:/workspace/clion/gcc-arm-none-eabi-10.3-2021.10/bin/../lib/gcc/arm-none-eabi/10.3.1/../../../../arm-none-eabi/lib/thumb/v7-m/nofp/crt0.o (exit)
e:/workspace/clion/gcc-arm-none-eabi-10.3-2021.10/bin/../lib/gcc/arm-none-eabi/10.3.1/../../../../arm-none-eabi/lib/thumb/v7-m/nofp\libg.a(lib_a-impure.o)
                              e:/workspace/clion/gcc-arm-none-eabi-10.3-2021.10/bin/../lib/gcc/arm-none-eabi/10.3.1/../../../../arm-none-eabi/lib/thumb/v7-m/nofp\libg.a(lib_a-exit.o) (_global_impure_ptr)
e:/workspace/clion/gcc-arm-none-eabi-10.3-2021.10/bin/../lib/gcc/arm-none-eabi/10.3.1/../../../../arm-none-eabi/lib/thumb/v7-m/nofp\libg.a(lib_a-init.o)
                              e:/workspace/clion/gcc-arm-none-eabi-10.3-2021.10/bin/../lib/gcc/arm-none-eabi/10.3.1/../../../../arm-none-eabi/lib/thumb/v7-m/nofp/crt0.o (__libc_init_array)
e:/workspace/clion/gcc-arm-none-eabi-10.3-2021.10/bin/../lib/gcc/arm-none-eabi/10.3.1/../../../../arm-none-eabi/lib/thumb/v7-m/nofp\libg.a(lib_a-memset.o)
                              e:/workspace/clion/gcc-arm-none-eabi-10.3-2021.10/bin/../lib/gcc/arm-none-eabi/10.3.1/../../../../arm-none-eabi/lib/thumb/v7-m/nofp/crt0.o (memset)
e:/workspace/clion/gcc-arm-none-eabi-10.3-2021.10/bin/../lib/gcc/arm-none-eabi/10.3.1/../../../../arm-none-eabi/lib/thumb/v7-m/nofp\libg.a(lib_a-printf.o)
                              CMakeFiles/STM32_io_iic.elf.dir/Core/Src/main.c.obj (printf)
e:/workspace/clion/gcc-arm-none-eabi-10.3-2021.10/bin/../lib/gcc/arm-none-eabi/10.3.1/../../../../arm-none-eabi/lib/thumb/v7-m/nofp\libg.a(lib_a-setvbuf.o)
                              CMakeFiles/STM32_io_iic.elf.dir/Core/Src/retarget.c.obj (setvbuf)
e:/workspace/clion/gcc-arm-none-eabi-10.3-2021.10/bin/../lib/gcc/arm-none-eabi/10.3.1/../../../../arm-none-eabi/lib/thumb/v7-m/nofp\libg.a(lib_a-vfprintf.o)
                              e:/workspace/clion/gcc-arm-none-eabi-10.3-2021.10/bin/../lib/gcc/arm-none-eabi/10.3.1/../../../../arm-none-eabi/lib/thumb/v7-m/nofp\libg.a(lib_a-printf.o) (_vfprintf_r)
e:/workspace/clion/gcc-arm-none-eabi-10.3-2021.10/bin/../lib/gcc/arm-none-eabi/10.3.1/../../../../arm-none-eabi/lib/thumb/v7-m/nofp\libg.a(lib_a-wsetup.o)
                              e:/workspace/clion/gcc-arm-none-eabi-10.3-2021.10/bin/../lib/gcc/arm-none-eabi/10.3.1/../../../../arm-none-eabi/lib/thumb/v7-m/nofp\libg.a(lib_a-vfprintf.o) (__swsetup_r)
e:/workspace/clion/gcc-arm-none-eabi-10.3-2021.10/bin/../lib/gcc/arm-none-eabi/10.3.1/../../../../arm-none-eabi/lib/thumb/v7-m/nofp\libg.a(lib_a-__call_atexit.o)
                              e:/workspace/clion/gcc-arm-none-eabi-10.3-2021.10/bin/../lib/gcc/arm-none-eabi/10.3.1/../../../../arm-none-eabi/lib/thumb/v7-m/nofp\libg.a(lib_a-exit.o) (__call_exitprocs)
e:/workspace/clion/gcc-arm-none-eabi-10.3-2021.10/bin/../lib/gcc/arm-none-eabi/10.3.1/../../../../arm-none-eabi/lib/thumb/v7-m/nofp\libg.a(lib_a-atexit.o)
                              e:/workspace/clion/gcc-arm-none-eabi-10.3-2021.10/bin/../lib/gcc/arm-none-eabi/10.3.1/../../../../arm-none-eabi/lib/thumb/v7-m/nofp\libg.a(lib_a-__call_atexit.o) (atexit)
e:/workspace/clion/gcc-arm-none-eabi-10.3-2021.10/bin/../lib/gcc/arm-none-eabi/10.3.1/../../../../arm-none-eabi/lib/thumb/v7-m/nofp\libg.a(lib_a-dtoa.o)
                              e:/workspace/clion/gcc-arm-none-eabi-10.3-2021.10/bin/../lib/gcc/arm-none-eabi/10.3.1/../../../../arm-none-eabi/lib/thumb/v7-m/nofp\libg.a(lib_a-vfprintf.o) (_dtoa_r)
e:/workspace/clion/gcc-arm-none-eabi-10.3-2021.10/bin/../lib/gcc/arm-none-eabi/10.3.1/../../../../arm-none-eabi/lib/thumb/v7-m/nofp\libg.a(lib_a-fflush.o)
                              e:/workspace/clion/gcc-arm-none-eabi-10.3-2021.10/bin/../lib/gcc/arm-none-eabi/10.3.1/../../../../arm-none-eabi/lib/thumb/v7-m/nofp\libg.a(lib_a-setvbuf.o) (_fflush_r)
e:/workspace/clion/gcc-arm-none-eabi-10.3-2021.10/bin/../lib/gcc/arm-none-eabi/10.3.1/../../../../arm-none-eabi/lib/thumb/v7-m/nofp\libg.a(lib_a-findfp.o)
                              e:/workspace/clion/gcc-arm-none-eabi-10.3-2021.10/bin/../lib/gcc/arm-none-eabi/10.3.1/../../../../arm-none-eabi/lib/thumb/v7-m/nofp\libg.a(lib_a-setvbuf.o) (__sinit)
e:/workspace/clion/gcc-arm-none-eabi-10.3-2021.10/bin/../lib/gcc/arm-none-eabi/10.3.1/../../../../arm-none-eabi/lib/thumb/v7-m/nofp\libg.a(lib_a-fini.o)
[...]
Memory Configuration

Name             Origin             Length             Attributes
RAM              0x20000000         0x00005000         xrw
FLASH            0x08000000         0x00010000         xr
*default*        0x00000000         0xffffffff

Linker script and memory map

LOAD e:/workspace/clion/gcc-arm-none-eabi-10.3-2021.10/bin/../lib/gcc/arm-none-eabi/10.3.1/thumb/v7-m/nofp/crti.o
LOAD e:/workspace/clion/gcc-arm-none-eabi-10.3-2021.10/bin/../lib/gcc/arm-none-eabi/10.3.1/thumb/v7-m/nofp/crtbegin.o
LOAD e:/workspace/clion/gcc-arm-none-eabi-10.3-2021.10/bin/../lib/gcc/arm-none-eabi/10.3.1/../../../../arm-none-eabi/lib/thumb/v7-m/nofp/crt0.o
LOAD CMakeFiles/STM32_io_iic.elf.dir/Core/Src/main.c.obj
LOAD CMakeFiles/STM32_io_iic.elf.dir/Core/Src/retarget.c.obj
LOAD CMakeFiles/STM32_io_iic.elf.dir/Core/Src/stm32f1xx_hal_msp.c.obj
LOAD CMakeFiles/STM32_io_iic.elf.dir/Core/Src/stm32f1xx_it.c.obj
LOAD CMakeFiles/STM32_io_iic.elf.dir/Core/Src/syscalls.c.obj
LOAD CMakeFiles/STM32_io_iic.elf.dir/Core/Src/sysmem.c.obj
LOAD CMakeFiles/STM32_io_iic.elf.dir/Core/Src/system_stm32f1xx.c.obj
LOAD CMakeFiles/STM32_io_iic.elf.dir/Core/Startup/startup_stm32f103c8tx.s.obj
LOAD CMakeFiles/STM32_io_iic.elf.dir/Drivers/STM32F1xx_HAL_Driver/Src/stm32f1xx_hal.c.obj
LOAD CMakeFiles/STM32_io_iic.elf.dir/Drivers/STM32F1xx_HAL_Driver/Src/stm32f1xx_hal_cortex.c.obj
LOAD CMakeFiles/STM32_io_iic.elf.dir/Drivers/STM32F1xx_HAL_Driver/Src/stm32f1xx_hal_dma.c.obj
LOAD CMakeFiles/STM32_io_iic.elf.dir/Drivers/STM32F1xx_HAL_Driver/Src/stm32f1xx_hal_exti.c.obj
LOAD CMakeFiles/STM32_io_iic.elf.dir/Drivers/STM32F1xx_HAL_Driver/Src/stm32f1xx_hal_flash.c.obj
LOAD CMakeFiles/STM32_io_iic.elf.dir/Drivers/STM32F1xx_HAL_Driver/Src/stm32f1xx_hal_flash_ex.c.obj
LOAD CMakeFiles/STM32_io_iic.elf.dir/Drivers/STM32F1xx_HAL_Driver/Src/stm32f1xx_hal_gpio.c.obj
LOAD CMakeFiles/STM32_io_iic.elf.dir/Drivers/STM32F1xx_HAL_Driver/Src/stm32f1xx_hal_gpio_ex.c.obj
LOAD CMakeFiles/STM32_io_iic.elf.dir/Drivers/STM32F1xx_HAL_Driver/Src/stm32f1xx_hal_pwr.c.obj
LOAD CMakeFiles/STM32_io_iic.elf.dir/Drivers/STM32F1xx_HAL_Driver/Src/stm32f1xx_hal_rcc.c.obj
LOAD CMakeFiles/STM32_io_iic.elf.dir/Drivers/STM32F1xx_HAL_Driver/Src/stm32f1xx_hal_rcc_ex.c.obj
LOAD CMakeFiles/STM32_io_iic.elf.dir/Drivers/STM32F1xx_HAL_Driver/Src/stm32f1xx_hal_tim.c.obj
LOAD CMakeFiles/STM32_io_iic.elf.dir/Drivers/STM32F1xx_HAL_Driver/Src/stm32f1xx_hal_tim_ex.c.obj
LOAD CMakeFiles/STM32_io_iic.elf.dir/Drivers/STM32F1xx_HAL_Driver/Src/stm32f1xx_hal_uart.c.obj
START GROUP
LOAD e:/workspace/clion/gcc-arm-none-eabi-10.3-2021.10/bin/../lib/gcc/arm-none-eabi/10.3.1/thumb/v7-m/nofp\libgcc.a
LOAD e:/workspace/clion/gcc-arm-none-eabi-10.3-2021.10/bin/../lib/gcc/arm-none-eabi/10.3.1/../../../../arm-none-eabi/lib/thumb/v7-m/nofp\libg.a
LOAD e:/workspace/clion/gcc-arm-none-eabi-10.3-2021.10/bin/../lib/gcc/arm-none-eabi/10.3.1/../../../../arm-none-eabi/lib/thumb/v7-m/nofp\libc.a
END GROUP
LOAD e:/workspace/clion/gcc-arm-none-eabi-10.3-2021.10/bin/../lib/gcc/arm-none-eabi/10.3.1/thumb/v7-m/nofp/crtend.o
LOAD e:/workspace/clion/gcc-arm-none-eabi-10.3-2021.10/bin/../lib/gcc/arm-none-eabi/10.3.1/thumb/v7-m/nofp/crtn.o
                0x20005000                _estack = (ORIGIN (RAM) + LENGTH (RAM))
                0x00000200                _Min_Heap_Size = 0x200
                0x00000400                _Min_Stack_Size = 0x400

.isr_vector     0x08000000      0x10c
                0x08000000                . = ALIGN (0x4)
 *(.isr_vector)
 .isr_vector    0x08000000      0x10c CMakeFiles/STM32_io_iic.elf.dir/Core/Startup/startup_stm32f103c8tx.s.obj
                0x08000000                g_pfnVectors
                0x0800010c                . = ALIGN (0x4)

.text           0x08000110     0x863c
                0x08000110                . = ALIGN (0x4)
 *(.text)
 .text          0x08000110       0x40 e:/workspace/clion/gcc-arm-none-eabi-10.3-2021.10/bin/../lib/gcc/arm-none-eabi/10.3.1/thumb/v7-m/nofp/crtbegin.o
 .text          0x08000150       0xec e:/workspace/clion/gcc-arm-none-eabi-10.3-2021.10/bin/../lib/gcc/arm-none-eabi/10.3.1/../../../../arm-none-eabi/lib/thumb/v7-m/nofp\libg.a(lib_a-memcpy.o)
                0x08000150                memcpy
 .text          0x0800023c      0x378 e:/workspace/clion/gcc-arm-none-eabi-10.3-2021.10/bin/../lib/gcc/arm-none-eabi/10.3.1/thumb/v7-m/nofp\libgcc.a(_arm_addsubdf3.o)
                0x0800023c                __aeabi_drsub
                0x08000244                __aeabi_dsub
                0x08000244                __subdf3
                0x08000248                __aeabi_dadd
                0x08000248                __adddf3
                0x080004c0                __floatunsidf
                0x080004c0                __aeabi_ui2d
                0x080004e0                __floatsidf
                0x080004e0                __aeabi_i2d
                0x08000504                __aeabi_f2d
                0x08000504                __extendsfdf2
                0x08000548                __floatundidf
                0x08000548                __aeabi_ul2d
                0x08000558                __floatdidf
                0x08000558                __aeabi_l2d
 .text          0x080005b4      0x424 e:/workspace/clion/gcc-arm-none-eabi-10.3-2021.10/bin/../lib/gcc/arm-none-eabi/10.3.1/thumb/v7-m/nofp\libgcc.a(_arm_muldivdf3.o)
                0x080005b4                __aeabi_dmul
                0x080005b4                __muldf3
                0x08000808                __divdf3
                0x08000808                __aeabi_ddiv
 .text          0x080009d8      0x110 e:/workspace/clion/gcc-arm-none-eabi-10.3-2021.10/bin/../lib/gcc/arm-none-eabi/10.3.1/thumb/v7-m/nofp\libgcc.a(_arm_cmpdf2.o)
                0x080009d8                __gtdf2
                0x080009d8                __gedf2
                0x080009e0                __ltdf2
                0x080009e0                __ledf2
                0x080009e8                __nedf2
                0x080009e8                __eqdf2
                0x080009e8                __cmpdf2
                0x08000a64                __aeabi_cdrcmple
                0x08000a74                __aeabi_cdcmpeq
                0x08000a74                __aeabi_cdcmple
                0x08000a84                __aeabi_dcmpeq
                0x08000a98                __aeabi_dcmplt
                0x08000aac                __aeabi_dcmple
                0x08000ac0                __aeabi_dcmpge
                0x08000ad4                __aeabi_dcmpgt
 .text          0x08000ae8       0x2c e:/workspace/clion/gcc-arm-none-eabi-10.3-2021.10/bin/../lib/gcc/arm-none-eabi/10.3.1/thumb/v7-m/nofp\libgcc.a(_arm_unorddf2.o)
                0x08000ae8                __unorddf2
                0x08000ae8                __aeabi_dcmpun
 .text          0x08000b14       0x50 e:/workspace/clion/gcc-arm-none-eabi-10.3-2021.10/bin/../lib/gcc/arm-none-eabi/10.3.1/thumb/v7-m/nofp\libgcc.a(_arm_fixdfsi.o)
                0x08000b14                __aeabi_d2iz
                0x08000b14                __fixdfsi
 .text          0x08000b64       0x30 e:/workspace/clion/gcc-arm-none-eabi-10.3-2021.10/bin/../lib/gcc/arm-none-eabi/10.3.1/thumb/v7-m/nofp\libgcc.a(_aeabi_uldivmod.o)
                0x08000b64                __aeabi_uldivmod
 .text          0x08000b94      0x2d4 e:/workspace/clion/gcc-arm-none-eabi-10.3-2021.10/bin/../lib/gcc/arm-none-eabi/10.3.1/thumb/v7-m/nofp\libgcc.a(_udivmoddi4.o)
                0x08000b94                __udivmoddi4
 .text          0x08000e68        0x4 e:/workspace/clion/gcc-arm-none-eabi-10.3-2021.10/bin/../lib/gcc/arm-none-eabi/10.3.1/thumb/v7-m/nofp\libgcc.a(_dvmd_tls.o)
                0x08000e68                __aeabi_idiv0
                0x08000e68                __aeabi_ldiv0
 *(.text*)
 .text.MX_GPIO_Init
                0x08000e6c       0x78 CMakeFiles/STM32_io_iic.elf.dir/Core/Src/main.c.obj
 .text.Delay_uS
                0x08000ee4       0x30 CMakeFiles/STM32_io_iic.elf.dir/Core/Src/main.c.obj
                0x08000ee4                Delay_uS
 .text.IIC_Start
                0x08000f14       0x30 CMakeFiles/STM32_io_iic.elf.dir/Core/Src/main.c.obj
                0x08000f14                IIC_Start
 .text.IIC_Stop
                0x08000f44       0x30 CMakeFiles/STM32_io_iic.elf.dir/Core/Src/main.c.obj
                0x08000f44                IIC_Stop
 .text.Wait_ack
                0x08000f74       0x44 CMakeFiles/STM32_io_iic.elf.dir/Core/Src/main.c.obj
                0x08000f74                Wait_ack
 .text.IIC_Sendbyte
                0x08000fb8       0x24 CMakeFiles/STM32_io_iic.elf.dir/Core/Src/main.c.obj
                0x08000fb8                IIC_Sendbyte
 .text.IIC_Sendack
                0x08000fdc       0x2c CMakeFiles/STM32_io_iic.elf.dir/Core/Src/main.c.obj
                0x08000fdc                IIC_Sendack
 .text.IIC_Nsendack
                0x08001008       0x2c CMakeFiles/STM32_io_iic.elf.dir/Core/Src/main.c.obj
                0x08001008                IIC_Nsendack
 .text.IIC_Readbyte
                0x08001034       0x4c CMakeFiles/STM32_io_iic.elf.dir/Core/Src/main.c.obj
                0x08001034                IIC_Readbyte
 .text.bmp280   0x08001080       0x60 CMakeFiles/STM32_io_iic.elf.dir/Core/Src/main.c.obj
                0x08001080                bmp280
 .text.Error_Handler
                0x080010e0        0x4 CMakeFiles/STM32_io_iic.elf.dir/Core/Src/main.c.obj
                0x080010e0                Error_Handler
 .text.MX_USART1_UART_Init
                0x080010e4       0x34 CMakeFiles/STM32_io_iic.elf.dir/Core/Src/main.c.obj
 .text.MX_TIM1_Init
                0x08001118       0x68 CMakeFiles/STM32_io_iic.elf.dir/Core/Src/main.c.obj
 .text.SystemClock_Config
                0x08001180       0x64 CMakeFiles/STM32_io_iic.elf.dir/Core/Src/main.c.obj
                0x08001180                SystemClock_Config
 .text.main     0x080011e4       0x28 CMakeFiles/STM32_io_iic.elf.dir/Core/Src/main.c.obj
                0x080011e4                main
 .text.RetargetInit
                0x0800120c       0x20 CMakeFiles/STM32_io_iic.elf.dir/Core/Src/retarget.c.obj
                0x0800120c                RetargetInit
 .text._isatty  0x0800122c       0x16 CMakeFiles/STM32_io_iic.elf.dir/Core/Src/retarget.c.obj
                0x0800122c                _isatty
 *fill*         0x08001242        0x2 
 .text._write   0x08001244       0x34 CMakeFiles/STM32_io_iic.elf.dir/Core/Src/retarget.c.obj
                0x08001244                _write
 .text._close   0x08001278       0x18 CMakeFiles/STM32_io_iic.elf.dir/Core/Src/retarget.c.obj
                0x08001278                _close
 .text._lseek   0x08001290       0x10 CMakeFiles/STM32_io_iic.elf.dir/Core/Src/retarget.c.obj
                0x08001290                _lseek
 .text._read    0x080012a0       0x30 CMakeFiles/STM32_io_iic.elf.dir/Core/Src/retarget.c.obj
                0x080012a0                _read
 .text._fstat   0x080012d0       0x1a CMakeFiles/STM32_io_iic.elf.dir/Core/Src/retarget.c.obj
                0x080012d0                _fstat
 *fill*         0x080012ea        0x2 
 .text.HAL_MspInit
                0x080012ec       0x44 CMakeFiles/STM32_io_iic.elf.dir/Core/Src/stm32f1xx_hal_msp.c.obj
                0x080012ec                HAL_MspInit
 .text.HAL_TIM_Base_MspInit
                0x08001330       0x2c CMakeFiles/STM32_io_iic.elf.dir/Core/Src/stm32f1xx_hal_msp.c.obj
                0x08001330                HAL_TIM_Base_MspInit
 .text.HAL_UART_MspInit
                0x0800135c       0x78 CMakeFiles/STM32_io_iic.elf.dir/Core/Src/stm32f1xx_hal_msp.c.obj
                0x0800135c                HAL_UART_MspInit
 .text.NMI_Handler
                0x080013d4        0x2 CMakeFiles/STM32_io_iic.elf.dir/Core/Src/stm32f1xx_it.c.obj
                0x080013d4                NMI_Handler
 .text.HardFault_Handler
                0x080013d6        0x2 CMakeFiles/STM32_io_iic.elf.dir/Core/Src/stm32f1xx_it.c.obj
                0x080013d6                HardFault_Handler
 .text.MemManage_Handler
                0x080013d8        0x2 CMakeFiles/STM32_io_iic.elf.dir/Core/Src/stm32f1xx_it.c.obj
                0x080013d8                MemManage_Handler
 .text.BusFault_Handler
                0x080013da        0x2 CMakeFiles/STM32_io_iic.elf.dir/Core/Src/stm32f1xx_it.c.obj
                0x080013da                BusFault_Handler
 .text.UsageFault_Handler
                0x080013dc        0x2 CMakeFiles/STM32_io_iic.elf.dir/Core/Src/stm32f1xx_it.c.obj
                0x080013dc                UsageFault_Handler
 .text.SVC_Handler
                0x080013de        0x2 CMakeFiles/STM32_io_iic.elf.dir/Core/Src/stm32f1xx_it.c.obj
                0x080013de                SVC_Handler
 .text.DebugMon_Handler
                0x080013e0        0x2 CMakeFiles/STM32_io_iic.elf.dir/Core/Src/stm32f1xx_it.c.obj
                0x080013e0                DebugMon_Handler
 .text.PendSV_Handler
                0x080013e2        0x2 CMakeFiles/STM32_io_iic.elf.dir/Core/Src/stm32f1xx_it.c.obj
                0x080013e2                PendSV_Handler
 .text.SysTick_Handler
                0x080013e4        0x8 CMakeFiles/STM32_io_iic.elf.dir/Core/Src/stm32f1xx_it.c.obj
                0x080013e4                SysTick_Handler
 .text._getpid  0x080013ec        0x4 CMakeFiles/STM32_io_iic.elf.dir/Core/Src/syscalls.c.obj
                0x080013ec                _getpid
 .text._kill    0x080013f0       0x10 CMakeFiles/STM32_io_iic.elf.dir/Core/Src/syscalls.c.obj
                0x080013f0                _kill
 .text._exit    0x08001400        0xc CMakeFiles/STM32_io_iic.elf.dir/Core/Src/syscalls.c.obj
                0x08001400                _exit
 .text._sbrk    0x0800140c       0x48 CMakeFiles/STM32_io_iic.elf.dir/Core/Src/sysmem.c.obj
                0x0800140c                _sbrk
 .text.SystemInit
                0x08001454        0x2 CMakeFiles/STM32_io_iic.elf.dir/Core/Src/system_stm32f1xx.c.obj
                0x08001454                SystemInit
 *fill*         0x08001456        0x2 
 .text.Reset_Handler
                0x08001458       0x48 CMakeFiles/STM32_io_iic.elf.dir/Core/Startup/startup_stm32f103c8tx.s.obj
                0x08001458                Reset_Handler
 .text.Default_Handler
                0x080014a0        0x2 CMakeFiles/STM32_io_iic.elf.dir/Core/Startup/startup_stm32f103c8tx.s.obj
                0x080014a0                RTC_Alarm_IRQHandler
                0x080014a0                EXTI2_IRQHandler
                0x080014a0                TIM1_CC_IRQHandler
                0x080014a0                PVD_IRQHandler
                0x080014a0                EXTI3_IRQHandler
                0x080014a0                EXTI0_IRQHandler
                0x080014a0                I2C2_EV_IRQHandler
                0x080014a0                ADC1_2_IRQHandler
                0x080014a0                SPI1_IRQHandler
                0x080014a0                TAMPER_IRQHandler
                0x080014a0                DMA1_Channel4_IRQHandler
                0x080014a0                USART3_IRQHandler
                0x080014a0                RTC_IRQHandler
                0x080014a0                DMA1_Channel7_IRQHandler
                0x080014a0                CAN1_RX1_IRQHandler
                0x080014a0                TIM4_IRQHandler
                0x080014a0                I2C1_EV_IRQHandler
                0x080014a0                DMA1_Channel6_IRQHandler
                0x080014a0                TIM3_IRQHandler
                0x080014a0                RCC_IRQHandler
                0x080014a0                TIM1_TRG_COM_IRQHandler
                0x080014a0                DMA1_Channel1_IRQHandler
                0x080014a0                Default_Handler
                0x080014a0                EXTI15_10_IRQHandler
                0x080014a0                EXTI9_5_IRQHandler
                0x080014a0                SPI2_IRQHandler
                0x080014a0                DMA1_Channel5_IRQHandler
                0x080014a0                EXTI4_IRQHandler
                0x080014a0                USB_LP_CAN1_RX0_IRQHandler
                0x080014a0                USB_HP_CAN1_TX_IRQHandler
                0x080014a0                DMA1_Channel3_IRQHandler
                0x080014a0                TIM1_UP_IRQHandler
                0x080014a0                WWDG_IRQHandler
                0x080014a0                TIM2_IRQHandler
                0x080014a0                TIM1_BRK_IRQHandler
                0x080014a0                EXTI1_IRQHandler
                0x080014a0                USART2_IRQHandler
                0x080014a0                I2C2_ER_IRQHandler
                0x080014a0                DMA1_Channel2_IRQHandler
                0x080014a0                CAN1_SCE_IRQHandler
                0x080014a0                FLASH_IRQHandler
                0x080014a0                USART1_IRQHandler
                0x080014a0                I2C1_ER_IRQHandler
                0x080014a0                USBWakeUp_IRQHandler
 *fill*         0x080014a2        0x2 
 .text.HAL_InitTick
                0x080014a4       0x4c CMakeFiles/STM32_io_iic.elf.dir/Drivers/STM32F1xx_HAL_Driver/Src/stm32f1xx_hal.c.obj
                0x080014a4                HAL_InitTick
 .text.HAL_Init
                0x080014f0       0x24 CMakeFiles/STM32_io_iic.elf.dir/Drivers/STM32F1xx_HAL_Driver/Src/stm32f1xx_hal.c.obj
                0x080014f0                HAL_Init
 .text.HAL_IncTick
                0x08001514       0x18 CMakeFiles/STM32_io_iic.elf.dir/Drivers/STM32F1xx_HAL_Driver/Src/stm32f1xx_hal.c.obj
                0x08001514                HAL_IncTick
 .text.HAL_GetTick
                0x0800152c        0xc CMakeFiles/STM32_io_iic.elf.dir/Drivers/STM32F1xx_HAL_Driver/Src/stm32f1xx_hal.c.obj
                0x0800152c                HAL_GetTick
 .text.HAL_Delay
                0x08001538       0x28 CMakeFiles/STM32_io_iic.elf.dir/Drivers/STM32F1xx_HAL_Driver/Src/stm32f1xx_hal.c.obj
                0x08001538                HAL_Delay
 .text.HAL_NVIC_SetPriorityGrouping
                0x08001560       0x24 CMakeFiles/STM32_io_iic.elf.dir/Drivers/STM32F1xx_HAL_Driver/Src/stm32f1xx_hal_cortex.c.obj
                0x08001560                HAL_NVIC_SetPriorityGrouping
 .text.HAL_NVIC_SetPriority
                0x08001584       0x70 CMakeFiles/STM32_io_iic.elf.dir/Drivers/STM32F1xx_HAL_Driver/Src/stm32f1xx_hal_cortex.c.obj
                0x08001584                HAL_NVIC_SetPriority
 .text.HAL_SYSTICK_Config
                0x080015f4       0x28 CMakeFiles/STM32_io_iic.elf.dir/Drivers/STM32F1xx_HAL_Driver/Src/stm32f1xx_hal_cortex.c.obj
                0x080015f4                HAL_SYSTICK_Config
 .text.HAL_GPIO_Init
                0x0800161c      0x224 CMakeFiles/STM32_io_iic.elf.dir/Drivers/STM32F1xx_HAL_Driver/Src/stm32f1xx_hal_gpio.c.obj
                0x0800161c                HAL_GPIO_Init
 .text.HAL_GPIO_WritePin
                0x08001840        0xc CMakeFiles/STM32_io_iic.elf.dir/Drivers/STM32F1xx_HAL_Driver/Src/stm32f1xx_hal_gpio.c.obj
                0x08001840                HAL_GPIO_WritePin
 .text.RCC_Delay
                0x0800184c       0x2c CMakeFiles/STM32_io_iic.elf.dir/Drivers/STM32F1xx_HAL_Driver/Src/stm32f1xx_hal_rcc.c.obj
 .text.HAL_RCC_OscConfig
                0x08001878      0x410 CMakeFiles/STM32_io_iic.elf.dir/Drivers/STM32F1xx_HAL_Driver/Src/stm32f1xx_hal_rcc.c.obj
                0x08001878                HAL_RCC_OscConfig
 .text.HAL_RCC_GetSysClockFreq
                0x08001c88       0x54 CMakeFiles/STM32_io_iic.elf.dir/Drivers/STM32F1xx_HAL_Driver/Src/stm32f1xx_hal_rcc.c.obj
                0x08001c88                HAL_RCC_GetSysClockFreq
 .text.HAL_RCC_ClockConfig
                0x08001cdc      0x16c CMakeFiles/STM32_io_iic.elf.dir/Drivers/STM32F1xx_HAL_Driver/Src/stm32f1xx_hal_rcc.c.obj
                0x08001cdc                HAL_RCC_ClockConfig
 .text.HAL_RCC_GetHCLKFreq
                0x08001e48        0xc CMakeFiles/STM32_io_iic.elf.dir/Drivers/STM32F1xx_HAL_Driver/Src/stm32f1xx_hal_rcc.c.obj
                0x08001e48                HAL_RCC_GetHCLKFreq
 .text.HAL_RCC_GetPCLK1Freq
                0x08001e54       0x20 CMakeFiles/STM32_io_iic.elf.dir/Drivers/STM32F1xx_HAL_Driver/Src/stm32f1xx_hal_rcc.c.obj
                0x08001e54                HAL_RCC_GetPCLK1Freq
 .text.HAL_RCC_GetPCLK2Freq
                0x08001e74       0x20 CMakeFiles/STM32_io_iic.elf.dir/Drivers/STM32F1xx_HAL_Driver/Src/stm32f1xx_hal_rcc.c.obj
                0x08001e74                HAL_RCC_GetPCLK2Freq
 .text.TIM_TI1_ConfigInputStage
                0x08001e94       0x24 CMakeFiles/STM32_io_iic.elf.dir/Drivers/STM32F1xx_HAL_Driver/Src/stm32f1xx_hal_tim.c.obj
 .text.TIM_TI2_ConfigInputStage
                0x08001eb8       0x26 CMakeFiles/STM32_io_iic.elf.dir/Drivers/STM32F1xx_HAL_Driver/Src/stm32f1xx_hal_tim.c.obj
 .text.TIM_ITRx_SetConfig
                0x08001ede       0x10 CMakeFiles/STM32_io_iic.elf.dir/Drivers/STM32F1xx_HAL_Driver/Src/stm32f1xx_hal_tim.c.obj
 *fill*         0x08001eee        0x2 
 .text.HAL_TIM_Base_Start
                0x08001ef0       0x5c CMakeFiles/STM32_io_iic.elf.dir/Drivers/STM32F1xx_HAL_Driver/Src/stm32f1xx_hal_tim.c.obj
                0x08001ef0                HAL_TIM_Base_Start
 .text.HAL_TIM_Base_Stop
                0x08001f4c       0x28 CMakeFiles/STM32_io_iic.elf.dir/Drivers/STM32F1xx_HAL_Driver/Src/stm32f1xx_hal_tim.c.obj
                0x08001f4c                HAL_TIM_Base_Stop
 .text.TIM_Base_SetConfig
                0x08001f74       0x74 CMakeFiles/STM32_io_iic.elf.dir/Drivers/STM32F1xx_HAL_Driver/Src/stm32f1xx_hal_tim.c.obj
                0x08001f74                TIM_Base_SetConfig
 .text.HAL_TIM_Base_Init
                0x08001fe8       0x58 CMakeFiles/STM32_io_iic.elf.dir/Drivers/STM32F1xx_HAL_Driver/Src/stm32f1xx_hal_tim.c.obj
                0x08001fe8                HAL_TIM_Base_Init
 .text.TIM_ETR_SetConfig
                0x08002040       0x18 CMakeFiles/STM32_io_iic.elf.dir/Drivers/STM32F1xx_HAL_Driver/Src/stm32f1xx_hal_tim.c.obj
                0x08002040                TIM_ETR_SetConfig
 .text.HAL_TIM_ConfigClockSource
                0x08002058       0xfe CMakeFiles/STM32_io_iic.elf.dir/Drivers/STM32F1xx_HAL_Driver/Src/stm32f1xx_hal_tim.c.obj
                0x08002058                HAL_TIM_ConfigClockSource
 *fill*         0x08002156        0x2 
 .text.HAL_TIMEx_MasterConfigSynchronization
                0x08002158       0x6c CMakeFiles/STM32_io_iic.elf.dir/Drivers/STM32F1xx_HAL_Driver/Src/stm32f1xx_hal_tim_ex.c.obj
                0x08002158                HAL_TIMEx_MasterConfigSynchronization
 .text.UART_SetConfig
                0x080021c4       0x94 CMakeFiles/STM32_io_iic.elf.dir/Drivers/STM32F1xx_HAL_Driver/Src/stm32f1xx_hal_uart.c.obj
 .text.UART_WaitOnFlagUntilTimeout
                0x08002258       0x88 CMakeFiles/STM32_io_iic.elf.dir/Drivers/STM32F1xx_HAL_Driver/Src/stm32f1xx_hal_uart.c.obj
 .text.HAL_UART_Init
                0x080022e0       0x60 CMakeFiles/STM32_io_iic.elf.dir/Drivers/STM32F1xx_HAL_Driver/Src/stm32f1xx_hal_uart.c.obj
                0x080022e0                HAL_UART_Init
 .text.HAL_UART_Transmit
                0x08002340       0xbe CMakeFiles/STM32_io_iic.elf.dir/Drivers/STM32F1xx_HAL_Driver/Src/stm32f1xx_hal_uart.c.obj
                0x08002340                HAL_UART_Transmit
 .text.HAL_UART_Receive
                0x080023fe       0xca CMakeFiles/STM32_io_iic.elf.dir/Drivers/STM32F1xx_HAL_Driver/Src/stm32f1xx_hal_uart.c.obj
                0x080023fe                HAL_UART_Receive
 .text.__errno  0x080024c8        0xc e:/workspace/clion/gcc-arm-none-eabi-10.3-2021.10/bin/../lib/gcc/arm-none-eabi/10.3.1/../../../../arm-none-eabi/lib/thumb/v7-m/nofp\libg.a(lib_a-errno.o)
                0x080024c8                __errno
 .text.__libc_init_array
                0x080024d4       0x48 e:/workspace/clion/gcc-arm-none-eabi-10.3-2021.10/bin/../lib/gcc/arm-none-eabi/10.3.1/../../../../arm-none-eabi/lib/thumb/v7-m/nofp\libg.a(lib_a-init.o)
                0x080024d4                __libc_init_array
 .text.memset   0x0800251c       0xa4 e:/workspace/clion/gcc-arm-none-eabi-10.3-2021.10/bin/../lib/gcc/arm-none-eabi/10.3.1/../../../../arm-none-eabi/lib/thumb/v7-m/nofp\libg.a(lib_a-memset.o)
                0x0800251c                memset
 .text.printf   0x080025c0       0x28 e:/workspace/clion/gcc-arm-none-eabi-10.3-2021.10/bin/../lib/gcc/arm-none-eabi/10.3.1/../../../../arm-none-eabi/lib/thumb/v7-m/nofp\libg.a(lib_a-printf.o)
                0x080025c0                printf
 .text.setvbuf  0x080025e8      0x1b0 e:/workspace/clion/gcc-arm-none-eabi-10.3-2021.10/bin/../lib/gcc/arm-none-eabi/10.3.1/../../../../arm-none-eabi/lib/thumb/v7-m/nofp\libg.a(lib_a-setvbuf.o)
                0x080025e8                setvbuf
 .text._vfprintf_r
                0x08002798     0x1b58 e:/workspace/clion/gcc-arm-none-eabi-10.3-2021.10/bin/../lib/gcc/arm-none-eabi/10.3.1/../../../../arm-none-eabi/lib/thumb/v7-m/nofp\libg.a(lib_a-vfprintf.o)
                0x08002798                _vfprintf_r
 .text.__sbprintf
                0x080042f0       0x84 e:/workspace/clion/gcc-arm-none-eabi-10.3-2021.10/bin/../lib/gcc/arm-none-eabi/10.3.1/../../../../arm-none-eabi/lib/thumb/v7-m/nofp\libg.a(lib_a-vfprintf.o)
 .text.__swsetup_r
                0x08004374       0xd4 e:/workspace/clion/gcc-arm-none-eabi-10.3-2021.10/bin/../lib/gcc/arm-none-eabi/10.3.1/../../../../arm-none-eabi/lib/thumb/v7-m/nofp\libg.a(lib_a-wsetup.o)
                0x08004374                __swsetup_r
 .text.startup.register_fini
                0x08004448       0x14 e:/workspace/clion/gcc-arm-none-eabi-10.3-2021.10/bin/../lib/gcc/arm-none-eabi/10.3.1/../../../../arm-none-eabi/lib/thumb/v7-m/nofp\libg.a(lib_a-__call_atexit.o)
 .text.atexit   0x0800445c        0xc e:/workspace/clion/gcc-arm-none-eabi-10.3-2021.10/bin/../lib/gcc/arm-none-eabi/10.3.1/../../../../arm-none-eabi/lib/thumb/v7-m/nofp\libg.a(lib_a-atexit.o)
                0x0800445c                atexit
 .text.quorem   0x08004468      0x12c e:/workspace/clion/gcc-arm-none-eabi-10.3-2021.10/bin/../lib/gcc/arm-none-eabi/10.3.1/../../../../arm-none-eabi/lib/thumb/v7-m/nofp\libg.a(lib_a-dtoa.o)
 *fill*         0x08004594        0x4 
 .text._dtoa_r  0x08004598      0xecc e:/workspace/clion/gcc-arm-none-eabi-10.3-2021.10/bin/../lib/gcc/arm-none-eabi/10.3.1/../../../../arm-none-eabi/lib/thumb/v7-m/nofp\libg.a(lib_a-dtoa.o)
                0x08004598                _dtoa_r
 .text.__sflush_r
                0x08005464      0x124 e:/workspace/clion/gcc-arm-none-eabi-10.3-2021.10/bin/../lib/gcc/arm-none-eabi/10.3.1/../../../../arm-none-eabi/lib/thumb/v7-m/nofp\libg.a(lib_a-fflush.o)
                0x08005464                __sflush_r
 .text._fflush_r
                0x08005588       0x5c e:/workspace/clion/gcc-arm-none-eabi-10.3-2021.10/bin/../lib/gcc/arm-none-eabi/10.3.1/../../../../arm-none-eabi/lib/thumb/v7-m/nofp\libg.a(lib_a-fflush.o)
                0x08005588                _fflush_r
 .text._cleanup_r
                0x080055e4        0xc e:/workspace/clion/gcc-arm-none-eabi-10.3-2021.10/bin/../lib/gcc/arm-none-eabi/10.3.1/../../../../arm-none-eabi/lib/thumb/v7-m/nofp\libg.a(lib_a-findfp.o)
                0x080055e4                _cleanup_r
 .text.__sinit  0x080055f0      0x10c e:/workspace/clion/gcc-arm-none-eabi-10.3-2021.10/bin/../lib/gcc/arm-none-eabi/10.3.1/../../../../arm-none-eabi/lib/thumb/v7-m/nofp\libg.a(lib_a-findfp.o)
                0x080055f0                __sinit
 .text.__sfp_lock_acquire
                0x080056fc        0xc e:/workspace/clion/gcc-arm-none-eabi-10.3-2021.10/bin/../lib/gcc/arm-none-eabi/10.3.1/../../../../arm-none-eabi/lib/thumb/v7-m/nofp\libg.a(lib_a-findfp.o)
                0x080056fc                __sfp_lock_acquire
 .text.__sfp_lock_release
                0x08005708        0xc e:/workspace/clion/gcc-arm-none-eabi-10.3-2021.10/bin/../lib/gcc/arm-none-eabi/10.3.1/../../../../arm-none-eabi/lib/thumb/v7-m/nofp\libg.a(lib_a-findfp.o)
                0x08005708                __sfp_lock_release
 .text.__libc_fini_array
                0x08005714       0x2c e:/workspace/clion/gcc-arm-none-eabi-10.3-2021.10/bin/../lib/gcc/arm-none-eabi/10.3.1/../../../../arm-none-eabi/lib/thumb/v7-m/nofp\libg.a(lib_a-fini.o)
                0x08005714                __libc_fini_array
 .text._malloc_trim_r
                0x08005740       0xa0 e:/workspace/clion/gcc-arm-none-eabi-10.3-2021.10/bin/../lib/gcc/arm-none-eabi/10.3.1/../../../../arm-none-eabi/lib/thumb/v7-m/nofp\libg.a(lib_a-freer.o)
                0x08005740                _malloc_trim_r
 .text._free_r  0x080057e0      0x200 e:/workspace/clion/gcc-arm-none-eabi-10.3-2021.10/bin/../lib/gcc/arm-none-eabi/10.3.1/../../../../arm-none-eabi/lib/thumb/v7-m/nofp\libg.a(lib_a-freer.o)
                0x080057e0                _free_r
 .text._fwalk_reent
                0x080059e0       0x48 e:/workspace/clion/gcc-arm-none-eabi-10.3-2021.10/bin/../lib/gcc/arm-none-eabi/10.3.1/../../../../arm-none-eabi/lib/thumb/v7-m/nofp\libg.a(lib_a-fwalk.o)
                0x080059e0                _fwalk_reent
 .text._localeconv_r
                0x08005a28        0x8 e:/workspace/clion/gcc-arm-none-eabi-10.3-2021.10/bin/../lib/gcc/arm-none-eabi/10.3.1/../../../../arm-none-eabi/lib/thumb/v7-m/nofp\libg.a(lib_a-localeconv.o)
                0x08005a28                _localeconv_r
 .text.__retarget_lock_init_recursive
                0x08005a30        0x4 e:/workspace/clion/gcc-arm-none-eabi-10.3-2021.10/bin/../lib/gcc/arm-none-eabi/10.3.1/../../../../arm-none-eabi/lib/thumb/v7-m/nofp\libg.a(lib_a-lock.o)
                0x08005a30                __retarget_lock_init_recursive
 .text.__retarget_lock_close_recursive
                0x08005a34        0x4 e:/workspace/clion/gcc-arm-none-eabi-10.3-2021.10/bin/../lib/gcc/arm-none-eabi/10.3.1/../../../../arm-none-eabi/lib/thumb/v7-m/nofp\libg.a(lib_a-lock.o)
                0x08005a34                __retarget_lock_close_recursive
 .text.__retarget_lock_acquire_recursive
                0x08005a38        0x4 e:/workspace/clion/gcc-arm-none-eabi-10.3-2021.10/bin/../lib/gcc/arm-none-eabi/10.3.1/../../../../arm-none-eabi/lib/thumb/v7-m/nofp\libg.a(lib_a-lock.o)
                0x08005a38                __retarget_lock_acquire_recursive
 .text.__retarget_lock_release_recursive
                0x08005a3c        0x4 e:/workspace/clion/gcc-arm-none-eabi-10.3-2021.10/bin/../lib/gcc/arm-none-eabi/10.3.1/../../../../arm-none-eabi/lib/thumb/v7-m/nofp\libg.a(lib_a-lock.o)
                0x08005a3c                __retarget_lock_release_recursive
 .text.__smakebuf_r
                0x08005a40       0xe0 e:/workspace/clion/gcc-arm-none-eabi-10.3-2021.10/bin/../lib/gcc/arm-none-eabi/10.3.1/../../../../arm-none-eabi/lib/thumb/v7-m/nofp\libg.a(lib_a-makebuf.o)
                0x08005a40                __smakebuf_r
 .text.__swhatbuf_r
                0x08005b20       0x60 e:/workspace/clion/gcc-arm-none-eabi-10.3-2021.10/bin/../lib/gcc/arm-none-eabi/10.3.1/../../../../arm-none-eabi/lib/thumb/v7-m/nofp\libg.a(lib_a-makebuf.o)
                0x08005b20                __swhatbuf_r
 .text.malloc   0x08005b80       0x10 e:/workspace/clion/gcc-arm-none-eabi-10.3-2021.10/bin/../lib/gcc/arm-none-eabi/10.3.1/../../../../arm-none-eabi/lib/thumb/v7-m/nofp\libg.a(lib_a-malloc.o)
                0x08005b80                malloc
 .text._malloc_r
                0x08005b90      0x558 e:/workspace/clion/gcc-arm-none-eabi-10.3-2021.10/bin/../lib/gcc/arm-none-eabi/10.3.1/../../../../arm-none-eabi/lib/thumb/v7-m/nofp\libg.a(lib_a-mallocr.o)
                0x08005b90                _malloc_r
 .text.memchr   0x080060e8       0x90 e:/workspace/clion/gcc-arm-none-eabi-10.3-2021.10/bin/../lib/gcc/arm-none-eabi/10.3.1/../../../../arm-none-eabi/lib/thumb/v7-m/nofp\libg.a(lib_a-memchr-stub.o)
                0x080060e8                memchr
 .text.__malloc_lock
                0x08006178        0xc e:/workspace/clion/gcc-arm-none-eabi-10.3-2021.10/bin/../lib/gcc/arm-none-eabi/10.3.1/../../../../arm-none-eabi/lib/thumb/v7-m/nofp\libg.a(lib_a-mlock.o)
                0x08006178                __malloc_lock
 .text.__malloc_unlock
                0x08006184        0xc e:/workspace/clion/gcc-arm-none-eabi-10.3-2021.10/bin/../lib/gcc/arm-none-eabi/10.3.1/../../../../arm-none-eabi/lib/thumb/v7-m/nofp\libg.a(lib_a-mlock.o)
                0x08006184                __malloc_unlock
 .text._Balloc  0x08006190       0x4c e:/workspace/clion/gcc-arm-none-eabi-10.3-2021.10/bin/../lib/gcc/arm-none-eabi/10.3.1/../../../../arm-none-eabi/lib/thumb/v7-m/nofp\libg.a(lib_a-mprec.o)
                0x08006190                _Balloc
 .text._Bfree   0x080061dc       0x14 e:/workspace/clion/gcc-arm-none-eabi-10.3-2021.10/bin/../lib/gcc/arm-none-eabi/10.3.1/../../../../arm-none-eabi/lib/thumb/v7-m/nofp\libg.a(lib_a-mprec.o)
                0x080061dc                _Bfree
 .text.__multadd
                0x080061f0       0xa4 e:/workspace/clion/gcc-arm-none-eabi-10.3-2021.10/bin/../lib/gcc/arm-none-eabi/10.3.1/../../../../arm-none-eabi/lib/thumb/v7-m/nofp\libg.a(lib_a-mprec.o)
                0x080061f0                __multadd
 .text.__hi0bits
                0x08006294       0x40 e:/workspace/clion/gcc-arm-none-eabi-10.3-2021.10/bin/../lib/gcc/arm-none-eabi/10.3.1/../../../../arm-none-eabi/lib/thumb/v7-m/nofp\libg.a(lib_a-mprec.o)
                0x08006294                __hi0bits
 .text.__lo0bits
                0x080062d4       0x58 e:/workspace/clion/gcc-arm-none-eabi-10.3-2021.10/bin/../lib/gcc/arm-none-eabi/10.3.1/../../../../arm-none-eabi/lib/thumb/v7-m/nofp\libg.a(lib_a-mprec.o)
                0x080062d4                __lo0bits
 .text.__i2b    0x0800632c       0x5c e:/workspace/clion/gcc-arm-none-eabi-10.3-2021.10/bin/../lib/gcc/arm-none-eabi/10.3.1/../../../../arm-none-eabi/lib/thumb/v7-m/nofp\libg.a(lib_a-mprec.o)
                0x0800632c                __i2b
 .text.__multiply
                0x08006388      0x15c e:/workspace/clion/gcc-arm-none-eabi-10.3-2021.10/bin/../lib/gcc/arm-none-eabi/10.3.1/../../../../arm-none-eabi/lib/thumb/v7-m/nofp\libg.a(lib_a-mprec.o)
                0x08006388                __multiply
 .text.__pow5mult
                0x080064e4       0xb8 e:/workspace/clion/gcc-arm-none-eabi-10.3-2021.10/bin/../lib/gcc/arm-none-eabi/10.3.1/../../../../arm-none-eabi/lib/thumb/v7-m/nofp\libg.a(lib_a-mprec.o)
                0x080064e4                __pow5mult
 .text.__lshift
                0x0800659c       0xec e:/workspace/clion/gcc-arm-none-eabi-10.3-2021.10/bin/../lib/gcc/arm-none-eabi/10.3.1/../../../../arm-none-eabi/lib/thumb/v7-m/nofp\libg.a(lib_a-mprec.o)
                0x0800659c                __lshift
 .text.__mcmp   0x08006688       0x40 e:/workspace/clion/gcc-arm-none-eabi-10.3-2021.10/bin/../lib/gcc/arm-none-eabi/10.3.1/../../../../arm-none-eabi/lib/thumb/v7-m/nofp\libg.a(lib_a-mprec.o)
                0x08006688                __mcmp
 .text.__mdiff  0x080066c8      0x14c e:/workspace/clion/gcc-arm-none-eabi-10.3-2021.10/bin/../lib/gcc/arm-none-eabi/10.3.1/../../../../arm-none-eabi/lib/thumb/v7-m/nofp\libg.a(lib_a-mprec.o)
                0x080066c8                __mdiff
 .text.__d2b    0x08006814       0xc4 e:/workspace/clion/gcc-arm-none-eabi-10.3-2021.10/bin/../lib/gcc/arm-none-eabi/10.3.1/../../../../arm-none-eabi/lib/thumb/v7-m/nofp\libg.a(lib_a-mprec.o)
                0x08006814                __d2b
 .text.frexp    0x080068d8       0x70 e:/workspace/clion/gcc-arm-none-eabi-10.3-2021.10/bin/../lib/gcc/arm-none-eabi/10.3.1/../../../../arm-none-eabi/lib/thumb/v7-m/nofp\libg.a(lib_a-s_frexp.o)
                0x080068d8                frexp
 .text._sbrk_r  0x08006948       0x24 e:/workspace/clion/gcc-arm-none-eabi-10.3-2021.10/bin/../lib/gcc/arm-none-eabi/10.3.1/../../../../arm-none-eabi/lib/thumb/v7-m/nofp\libg.a(lib_a-sbrkr.o)
                0x08006948                _sbrk_r
 .text.__sread  0x0800696c       0x24 e:/workspace/clion/gcc-arm-none-eabi-10.3-2021.10/bin/../lib/gcc/arm-none-eabi/10.3.1/../../../../arm-none-eabi/lib/thumb/v7-m/nofp\libg.a(lib_a-stdio.o)
                0x0800696c                __sread
 .text.__swrite
                0x08006990       0x40 e:/workspace/clion/gcc-arm-none-eabi-10.3-2021.10/bin/../lib/gcc/arm-none-eabi/10.3.1/../../../../arm-none-eabi/lib/thumb/v7-m/nofp\libg.a(lib_a-stdio.o)
                0x08006990                __swrite
 .text.__sseek  0x080069d0       0x20 e:/workspace/clion/gcc-arm-none-eabi-10.3-2021.10/bin/../lib/gcc/arm-none-eabi/10.3.1/../../../../arm-none-eabi/lib/thumb/v7-m/nofp\libg.a(lib_a-stdio.o)
                0x080069d0                __sseek
 .text.__sclose
                0x080069f0        0x8 e:/workspace/clion/gcc-arm-none-eabi-10.3-2021.10/bin/../lib/gcc/arm-none-eabi/10.3.1/../../../../arm-none-eabi/lib/thumb/v7-m/nofp\libg.a(lib_a-stdio.o)
                0x080069f0                __sclose
 .text.strlen   0x080069f8       0x5c e:/workspace/clion/gcc-arm-none-eabi-10.3-2021.10/bin/../lib/gcc/arm-none-eabi/10.3.1/../../../../arm-none-eabi/lib/thumb/v7-m/nofp\libg.a(lib_a-strlen-stub.o)
                0x080069f8                strlen
 .text.strncpy  0x08006a54       0x68 e:/workspace/clion/gcc-arm-none-eabi-10.3-2021.10/bin/../lib/gcc/arm-none-eabi/10.3.1/../../../../arm-none-eabi/lib/thumb/v7-m/nofp\libg.a(lib_a-strncpy.o)
                0x08006a54                strncpy
 .text.__sprint_r.part.0
                0x08006abc       0x78 e:/workspace/clion/gcc-arm-none-eabi-10.3-2021.10/bin/../lib/gcc/arm-none-eabi/10.3.1/../../../../arm-none-eabi/lib/thumb/v7-m/nofp\libg.a(lib_a-vfiprintf.o)
 .text.__sprint_r
                0x08006b34       0x14 e:/workspace/clion/gcc-arm-none-eabi-10.3-2021.10/bin/../lib/gcc/arm-none-eabi/10.3.1/../../../../arm-none-eabi/lib/thumb/v7-m/nofp\libg.a(lib_a-vfiprintf.o)
                0x08006b34                __sprint_r
 .text._vfiprintf_r
                0x08006b48      0xd98 e:/workspace/clion/gcc-arm-none-eabi-10.3-2021.10/bin/../lib/gcc/arm-none-eabi/10.3.1/../../../../arm-none-eabi/lib/thumb/v7-m/nofp\libg.a(lib_a-vfiprintf.o)
                0x08006b48                _vfiprintf_r
 .text.__sbprintf
                0x080078e0       0x84 e:/workspace/clion/gcc-arm-none-eabi-10.3-2021.10/bin/../lib/gcc/arm-none-eabi/10.3.1/../../../../arm-none-eabi/lib/thumb/v7-m/nofp\libg.a(lib_a-vfiprintf.o)
 .text._write_r
                0x08007964       0x2c e:/workspace/clion/gcc-arm-none-eabi-10.3-2021.10/bin/../lib/gcc/arm-none-eabi/10.3.1/../../../../arm-none-eabi/lib/thumb/v7-m/nofp\libg.a(lib_a-writer.o)
                0x08007964                _write_r
 .text.__register_exitproc
                0x08007990       0x8c e:/workspace/clion/gcc-arm-none-eabi-10.3-2021.10/bin/../lib/gcc/arm-none-eabi/10.3.1/../../../../arm-none-eabi/lib/thumb/v7-m/nofp\libg.a(lib_a-__atexit.o)
                0x08007990                __register_exitproc
 .text.__assert_func
                0x08007a1c       0x40 e:/workspace/clion/gcc-arm-none-eabi-10.3-2021.10/bin/../lib/gcc/arm-none-eabi/10.3.1/../../../../arm-none-eabi/lib/thumb/v7-m/nofp\libg.a(lib_a-assert.o)
                0x08007a1c                __assert_func
 .text._calloc_r
                0x08007a5c       0x78 e:/workspace/clion/gcc-arm-none-eabi-10.3-2021.10/bin/../lib/gcc/arm-none-eabi/10.3.1/../../../../arm-none-eabi/lib/thumb/v7-m/nofp\libg.a(lib_a-callocr.o)
                0x08007a5c                _calloc_r
 .text._close_r
                0x08007ad4       0x24 e:/workspace/clion/gcc-arm-none-eabi-10.3-2021.10/bin/../lib/gcc/arm-none-eabi/10.3.1/../../../../arm-none-eabi/lib/thumb/v7-m/nofp\libg.a(lib_a-closer.o)
                0x08007ad4                _close_r
 .text._fclose_r
                0x08007af8       0xcc e:/workspace/clion/gcc-arm-none-eabi-10.3-2021.10/bin/../lib/gcc/arm-none-eabi/10.3.1/../../../../arm-none-eabi/lib/thumb/v7-m/nofp\libg.a(lib_a-fclose.o)
                0x08007af8                _fclose_r
 .text.fiprintf
                0x08007bc4       0x28 e:/workspace/clion/gcc-arm-none-eabi-10.3-2021.10/bin/../lib/gcc/arm-none-eabi/10.3.1/../../../../arm-none-eabi/lib/thumb/v7-m/nofp\libg.a(lib_a-fiprintf.o)
                0x08007bc4                fiprintf
 .text.__fputwc
                0x08007bec       0xa0 e:/workspace/clion/gcc-arm-none-eabi-10.3-2021.10/bin/../lib/gcc/arm-none-eabi/10.3.1/../../../../arm-none-eabi/lib/thumb/v7-m/nofp\libg.a(lib_a-fputwc.o)
                0x08007bec                __fputwc
 .text._fputwc_r
                0x08007c8c       0x68 e:/workspace/clion/gcc-arm-none-eabi-10.3-2021.10/bin/../lib/gcc/arm-none-eabi/10.3.1/../../../../arm-none-eabi/lib/thumb/v7-m/nofp\libg.a(lib_a-fputwc.o)
                0x08007c8c                _fputwc_r
 .text._fstat_r
                0x08007cf4       0x28 e:/workspace/clion/gcc-arm-none-eabi-10.3-2021.10/bin/../lib/gcc/arm-none-eabi/10.3.1/../../../../arm-none-eabi/lib/thumb/v7-m/nofp\libg.a(lib_a-fstatr.o)
                0x08007cf4                _fstat_r
 .text.__sfvwrite_r
                0x08007d1c      0x2f0 e:/workspace/clion/gcc-arm-none-eabi-10.3-2021.10/bin/../lib/gcc/arm-none-eabi/10.3.1/../../../../arm-none-eabi/lib/thumb/v7-m/nofp\libg.a(lib_a-fvwrite.o)
                0x08007d1c                __sfvwrite_r
 .text._isatty_r
                0x0800800c       0x24 e:/workspace/clion/gcc-arm-none-eabi-10.3-2021.10/bin/../lib/gcc/arm-none-eabi/10.3.1/../../../../arm-none-eabi/lib/thumb/v7-m/nofp\libg.a(lib_a-isattyr.o)
                0x0800800c                _isatty_r
 .text.__locale_mb_cur_max
                0x08008030        0xc e:/workspace/clion/gcc-arm-none-eabi-10.3-2021.10/bin/../lib/gcc/arm-none-eabi/10.3.1/../../../../arm-none-eabi/lib/thumb/v7-m/nofp\libg.a(lib_a-locale.o)
                0x08008030                __locale_mb_cur_max
 .text._lseek_r
                0x0800803c       0x2c e:/workspace/clion/gcc-arm-none-eabi-10.3-2021.10/bin/../lib/gcc/arm-none-eabi/10.3.1/../../../../arm-none-eabi/lib/thumb/v7-m/nofp\libg.a(lib_a-lseekr.o)
                0x0800803c                _lseek_r
 .text.__ascii_mbtowc
                0x08008068       0x2c e:/workspace/clion/gcc-arm-none-eabi-10.3-2021.10/bin/../lib/gcc/arm-none-eabi/10.3.1/../../../../arm-none-eabi/lib/thumb/v7-m/nofp\libg.a(lib_a-mbtowc_r.o)
                0x08008068                __ascii_mbtowc
 .text.memmove  0x08008094       0xf8 e:/workspace/clion/gcc-arm-none-eabi-10.3-2021.10/bin/../lib/gcc/arm-none-eabi/10.3.1/../../../../arm-none-eabi/lib/thumb/v7-m/nofp\libg.a(lib_a-memmove.o)
                0x08008094                memmove
 .text._read_r  0x0800818c       0x2c e:/workspace/clion/gcc-arm-none-eabi-10.3-2021.10/bin/../lib/gcc/arm-none-eabi/10.3.1/../../../../arm-none-eabi/lib/thumb/v7-m/nofp\libg.a(lib_a-readr.o)
                0x0800818c                _read_r
 .text._realloc_r
                0x080081b8      0x3dc e:/workspace/clion/gcc-arm-none-eabi-10.3-2021.10/bin/../lib/gcc/arm-none-eabi/10.3.1/../../../../arm-none-eabi/lib/thumb/v7-m/nofp\libg.a(lib_a-reallocr.o)
                0x080081b8                _realloc_r
 .text.__swbuf_r
                0x08008594       0xb0 e:/workspace/clion/gcc-arm-none-eabi-10.3-2021.10/bin/../lib/gcc/arm-none-eabi/10.3.1/../../../../arm-none-eabi/lib/thumb/v7-m/nofp\libg.a(lib_a-wbuf.o)
                0x08008594                __swbuf_r
 .text._wcrtomb_r
                0x08008644       0x3c e:/workspace/clion/gcc-arm-none-eabi-10.3-2021.10/bin/../lib/gcc/arm-none-eabi/10.3.1/../../../../arm-none-eabi/lib/thumb/v7-m/nofp\libg.a(lib_a-wcrtomb.o)
                0x08008644                _wcrtomb_r
 .text.__ascii_wctomb
                0x08008680       0x1c e:/workspace/clion/gcc-arm-none-eabi-10.3-2021.10/bin/../lib/gcc/arm-none-eabi/10.3.1/../../../../arm-none-eabi/lib/thumb/v7-m/nofp\libg.a(lib_a-wctomb_r.o)
                0x08008680                __ascii_wctomb
 .text.abort    0x0800869c       0x10 e:/workspace/clion/gcc-arm-none-eabi-10.3-2021.10/bin/../lib/gcc/arm-none-eabi/10.3.1/../../../../arm-none-eabi/lib/thumb/v7-m/nofp\libg.a(lib_a-abort.o)
                0x0800869c                abort
 .text.raise    0x080086ac       0x5c e:/workspace/clion/gcc-arm-none-eabi-10.3-2021.10/bin/../lib/gcc/arm-none-eabi/10.3.1/../../../../arm-none-eabi/lib/thumb/v7-m/nofp\libg.a(lib_a-signal.o)
                0x080086ac                raise
 .text._kill_r  0x08008708       0x28 e:/workspace/clion/gcc-arm-none-eabi-10.3-2021.10/bin/../lib/gcc/arm-none-eabi/10.3.1/../../../../arm-none-eabi/lib/thumb/v7-m/nofp\libg.a(lib_a-signalr.o)
                0x08008708                _kill_r
 .text._getpid_r
                0x08008730        0x4 e:/workspace/clion/gcc-arm-none-eabi-10.3-2021.10/bin/../lib/gcc/arm-none-eabi/10.3.1/../../../../arm-none-eabi/lib/thumb/v7-m/nofp\libg.a(lib_a-signalr.o)
                0x08008730                _getpid_r
 *(.glue_7)
 .glue_7        0x08008734        0x0 linker stubs
 *(.glue_7t)
 .glue_7t       0x08008734        0x0 linker stubs
 *(.eh_frame)
 .eh_frame      0x08008734        0x0 e:/workspace/clion/gcc-arm-none-eabi-10.3-2021.10/bin/../lib/gcc/arm-none-eabi/10.3.1/thumb/v7-m/nofp/crtbegin.o
 *(.init)
 .init          0x08008734        0x4 e:/workspace/clion/gcc-arm-none-eabi-10.3-2021.10/bin/../lib/gcc/arm-none-eabi/10.3.1/thumb/v7-m/nofp/crti.o
                0x08008734                _init
 .init          0x08008738        0x8 e:/workspace/clion/gcc-arm-none-eabi-10.3-2021.10/bin/../lib/gcc/arm-none-eabi/10.3.1/thumb/v7-m/nofp/crtn.o
 *(.fini)
 .fini          0x08008740        0x4 e:/workspace/clion/gcc-arm-none-eabi-10.3-2021.10/bin/../lib/gcc/arm-none-eabi/10.3.1/thumb/v7-m/nofp/crti.o
                0x08008740                _fini
 .fini          0x08008744        0x8 e:/workspace/clion/gcc-arm-none-eabi-10.3-2021.10/bin/../lib/gcc/arm-none-eabi/10.3.1/thumb/v7-m/nofp/crtn.o
                0x0800874c                . = ALIGN (0x4)
                0x0800874c                _etext = .

.vfp11_veneer   0x0800874c        0x0
 .vfp11_veneer  0x0800874c        0x0 linker stubs

.v4_bx          0x0800874c        0x0
 .v4_bx         0x0800874c        0x0 linker stubs

.iplt           0x0800874c        0x0
 .iplt          0x0800874c        0x0 e:/workspace/clion/gcc-arm-none-eabi-10.3-2021.10/bin/../lib/gcc/arm-none-eabi/10.3.1/thumb/v7-m/nofp/crtbegin.o

.rodata         0x08008750      0x430
                0x08008750                . = ALIGN (0x4)
 *(.rodata)
 *(.rodata*)
 .rodata.bmp280.str1.4
                0x08008750        0x5 CMakeFiles/STM32_io_iic.elf.dir/Core/Src/main.c.obj
 *fill*         0x08008755        0x3 
 .rodata.AHBPrescTable
                0x08008758       0x10 CMakeFiles/STM32_io_iic.elf.dir/Core/Src/system_stm32f1xx.c.obj
                0x08008758                AHBPrescTable
 .rodata.APBPrescTable
                0x08008768        0x8 CMakeFiles/STM32_io_iic.elf.dir/Core/Src/system_stm32f1xx.c.obj
                0x08008768                APBPrescTable
 .rodata.aPLLMULFactorTable.1
                0x08008770       0x10 CMakeFiles/STM32_io_iic.elf.dir/Drivers/STM32F1xx_HAL_Driver/Src/stm32f1xx_hal_rcc.c.obj
 .rodata.aPredivFactorTable.0
                0x08008780        0x2 CMakeFiles/STM32_io_iic.elf.dir/Drivers/STM32F1xx_HAL_Driver/Src/stm32f1xx_hal_rcc.c.obj
 *fill*         0x08008782        0x2 
 .rodata._global_impure_ptr
                0x08008784        0x4 e:/workspace/clion/gcc-arm-none-eabi-10.3-2021.10/bin/../lib/gcc/arm-none-eabi/10.3.1/../../../../arm-none-eabi/lib/thumb/v7-m/nofp\libg.a(lib_a-impure.o)
                0x08008784                _global_impure_ptr
 .rodata._vfprintf_r.str1.4
                0x08008788       0x42 e:/workspace/clion/gcc-arm-none-eabi-10.3-2021.10/bin/../lib/gcc/arm-none-eabi/10.3.1/../../../../arm-none-eabi/lib/thumb/v7-m/nofp\libg.a(lib_a-vfprintf.o)
 *fill*         0x080087ca        0x2 
 .rodata.blanks.1
                0x080087cc       0x10 e:/workspace/clion/gcc-arm-none-eabi-10.3-2021.10/bin/../lib/gcc/arm-none-eabi/10.3.1/../../../../arm-none-eabi/lib/thumb/v7-m/nofp\libg.a(lib_a-vfprintf.o)
 .rodata.zeroes.0
                0x080087dc       0x10 e:/workspace/clion/gcc-arm-none-eabi-10.3-2021.10/bin/../lib/gcc/arm-none-eabi/10.3.1/../../../../arm-none-eabi/lib/thumb/v7-m/nofp\libg.a(lib_a-vfprintf.o)
 .rodata._dtoa_r.str1.4
                0x080087ec       0xa2 e:/workspace/clion/gcc-arm-none-eabi-10.3-2021.10/bin/../lib/gcc/arm-none-eabi/10.3.1/../../../../arm-none-eabi/lib/thumb/v7-m/nofp\libg.a(lib_a-dtoa.o)
                                 0xa6 (size before relaxing)
 *fill*         0x0800888e        0x2 
 .rodata.__multadd.str1.4
                0x08008890       0x7f e:/workspace/clion/gcc-arm-none-eabi-10.3-2021.10/bin/../lib/gcc/arm-none-eabi/10.3.1/../../../../arm-none-eabi/lib/thumb/v7-m/nofp\libg.a(lib_a-mprec.o)
                                 0x93 (size before relaxing)
 *fill*         0x0800890f        0x1 
 .rodata.__mprec_bigtens
                0x08008910       0x28 e:/workspace/clion/gcc-arm-none-eabi-10.3-2021.10/bin/../lib/gcc/arm-none-eabi/10.3.1/../../../../arm-none-eabi/lib/thumb/v7-m/nofp\libg.a(lib_a-mprec.o)
                0x08008910                __mprec_bigtens
 .rodata.__mprec_tens
                0x08008938       0xc8 e:/workspace/clion/gcc-arm-none-eabi-10.3-2021.10/bin/../lib/gcc/arm-none-eabi/10.3.1/../../../../arm-none-eabi/lib/thumb/v7-m/nofp\libg.a(lib_a-mprec.o)
                0x08008938                __mprec_tens
 .rodata.p05.0  0x08008a00        0xc e:/workspace/clion/gcc-arm-none-eabi-10.3-2021.10/bin/../lib/gcc/arm-none-eabi/10.3.1/../../../../arm-none-eabi/lib/thumb/v7-m/nofp\libg.a(lib_a-mprec.o)
 .rodata._vfiprintf_r.str1.4
                0x08008a0c       0x2f e:/workspace/clion/gcc-arm-none-eabi-10.3-2021.10/bin/../lib/gcc/arm-none-eabi/10.3.1/../../../../arm-none-eabi/lib/thumb/v7-m/nofp\libg.a(lib_a-vfiprintf.o)
 .rodata.blanks.1
                0x08008a0c       0x10 e:/workspace/clion/gcc-arm-none-eabi-10.3-2021.10/bin/../lib/gcc/arm-none-eabi/10.3.1/../../../../arm-none-eabi/lib/thumb/v7-m/nofp\libg.a(lib_a-vfiprintf.o)
 .rodata.zeroes.0
                0x08008a1c       0x10 e:/workspace/clion/gcc-arm-none-eabi-10.3-2021.10/bin/../lib/gcc/arm-none-eabi/10.3.1/../../../../arm-none-eabi/lib/thumb/v7-m/nofp\libg.a(lib_a-vfiprintf.o)
 .rodata.__assert_func.str1.4
                0x08008a2c       0x3f e:/workspace/clion/gcc-arm-none-eabi-10.3-2021.10/bin/../lib/gcc/arm-none-eabi/10.3.1/../../../../arm-none-eabi/lib/thumb/v7-m/nofp\libg.a(lib_a-assert.o)
                                 0x43 (size before relaxing)
 *fill*         0x08008a6b        0x1 
 .rodata._setlocale_r.str1.4
                0x08008a6c        0xa e:/workspace/clion/gcc-arm-none-eabi-10.3-2021.10/bin/../lib/gcc/arm-none-eabi/10.3.1/../../../../arm-none-eabi/lib/thumb/v7-m/nofp\libg.a(lib_a-locale.o)
                                  0xd (size before relaxing)
 *fill*         0x08008a76        0x2 
 .rodata.str1.4
                0x08008a78        0x2 e:/workspace/clion/gcc-arm-none-eabi-10.3-2021.10/bin/../lib/gcc/arm-none-eabi/10.3.1/../../../../arm-none-eabi/lib/thumb/v7-m/nofp\libg.a(lib_a-locale.o)
 *fill*         0x08008a7a        0x2 
 .rodata._ctype_
                0x08008a7c      0x101 e:/workspace/clion/gcc-arm-none-eabi-10.3-2021.10/bin/../lib/gcc/arm-none-eabi/10.3.1/../../../../arm-none-eabi/lib/thumb/v7-m/nofp\libg.a(lib_a-ctype_.o)
                0x08008a7c                _ctype_
                0x08008b80                . = ALIGN (0x4)
 *fill*         0x08008b7d        0x3 

.ARM.extab      0x08008b80        0x0
                0x08008b80                . = ALIGN (0x4)
 *(.ARM.extab* .gnu.linkonce.armextab.*)
                0x08008b80                . = ALIGN (0x4)

.ARM            0x08008b80        0x8
                0x08008b80                . = ALIGN (0x4)
                0x08008b80                __exidx_start = .
 *(.ARM.exidx*)
 .ARM.exidx     0x08008b80        0x8 e:/workspace/clion/gcc-arm-none-eabi-10.3-2021.10/bin/../lib/gcc/arm-none-eabi/10.3.1/thumb/v7-m/nofp\libgcc.a(_udivmoddi4.o)
                0x08008b88                __exidx_end = .
                0x08008b88                . = ALIGN (0x4)

.rel.dyn        0x08008b88        0x0
 .rel.iplt      0x08008b88        0x0 e:/workspace/clion/gcc-arm-none-eabi-10.3-2021.10/bin/../lib/gcc/arm-none-eabi/10.3.1/thumb/v7-m/nofp/crtbegin.o

.preinit_array  0x08008b88        0x0
                0x08008b88                . = ALIGN (0x4)
                0x08008b88                PROVIDE (__preinit_array_start = .)
 *(.preinit_array*)
                0x08008b88                PROVIDE (__preinit_array_end = .)
                0x08008b88                . = ALIGN (0x4)

.init_array     0x08008b88        0x8
                0x08008b88                . = ALIGN (0x4)
                0x08008b88                PROVIDE (__init_array_start = .)
 *(SORT_BY_NAME(.init_array.*))
 .init_array.00000
                0x08008b88        0x4 e:/workspace/clion/gcc-arm-none-eabi-10.3-2021.10/bin/../lib/gcc/arm-none-eabi/10.3.1/../../../../arm-none-eabi/lib/thumb/v7-m/nofp\libg.a(lib_a-__call_atexit.o)
 *(.init_array*)
 .init_array    0x08008b8c        0x4 e:/workspace/clion/gcc-arm-none-eabi-10.3-2021.10/bin/../lib/gcc/arm-none-eabi/10.3.1/thumb/v7-m/nofp/crtbegin.o
                0x08008b90                PROVIDE (__init_array_end = .)
                0x08008b90                . = ALIGN (0x4)

.fini_array     0x08008b90        0x4
                0x08008b90                . = ALIGN (0x4)
                0x08008b90                PROVIDE (__fini_array_start = .)
 *(SORT_BY_NAME(.fini_array.*))
 *(.fini_array*)
 .fini_array    0x08008b90        0x4 e:/workspace/clion/gcc-arm-none-eabi-10.3-2021.10/bin/../lib/gcc/arm-none-eabi/10.3.1/thumb/v7-m/nofp/crtbegin.o
                0x08008b94                PROVIDE (__fini_array_end = .)
                0x08008b94                . = ALIGN (0x4)
                0x08008b94                _sidata = LOADADDR (.data)

.data           0x20000000      0x9b8 load address 0x08008b94
                0x20000000                . = ALIGN (0x4)
                0x20000000                _sdata = .
 *(.data)
 *(.data*)
 .data.SystemCoreClock
                0x20000000        0x4 CMakeFiles/STM32_io_iic.elf.dir/Core/Src/system_stm32f1xx.c.obj
                0x20000000                SystemCoreClock
 .data.uwTickFreq
                0x20000004        0x1 CMakeFiles/STM32_io_iic.elf.dir/Drivers/STM32F1xx_HAL_Driver/Src/stm32f1xx_hal.c.obj
                0x20000004                uwTickFreq
 *fill*         0x20000005        0x3 
 .data.uwTickPrio
                0x20000008        0x4 CMakeFiles/STM32_io_iic.elf.dir/Drivers/STM32F1xx_HAL_Driver/Src/stm32f1xx_hal.c.obj
                0x20000008                uwTickPrio
 .data._impure_ptr
                0x2000000c        0x4 e:/workspace/clion/gcc-arm-none-eabi-10.3-2021.10/bin/../lib/gcc/arm-none-eabi/10.3.1/../../../../arm-none-eabi/lib/thumb/v7-m/nofp\libg.a(lib_a-impure.o)
                0x2000000c                _impure_ptr
 .data.impure_data
                0x20000010      0x428 e:/workspace/clion/gcc-arm-none-eabi-10.3-2021.10/bin/../lib/gcc/arm-none-eabi/10.3.1/../../../../arm-none-eabi/lib/thumb/v7-m/nofp\libg.a(lib_a-impure.o)
 .data.__atexit_recursive_mutex
                0x20000438        0x4 e:/workspace/clion/gcc-arm-none-eabi-10.3-2021.10/bin/../lib/gcc/arm-none-eabi/10.3.1/../../../../arm-none-eabi/lib/thumb/v7-m/nofp\libg.a(lib_a-__call_atexit.o)
                0x20000438                __atexit_recursive_mutex
 .data.__malloc_av_
                0x2000043c      0x408 e:/workspace/clion/gcc-arm-none-eabi-10.3-2021.10/bin/../lib/gcc/arm-none-eabi/10.3.1/../../../../arm-none-eabi/lib/thumb/v7-m/nofp\libg.a(lib_a-mallocr.o)
                0x2000043c                __malloc_av_
 .data.__malloc_sbrk_base
                0x20000844        0x4 e:/workspace/clion/gcc-arm-none-eabi-10.3-2021.10/bin/../lib/gcc/arm-none-eabi/10.3.1/../../../../arm-none-eabi/lib/thumb/v7-m/nofp\libg.a(lib_a-mallocr.o)
                0x20000844                __malloc_sbrk_base
 .data.__malloc_trim_threshold
                0x20000848        0x4 e:/workspace/clion/gcc-arm-none-eabi-10.3-2021.10/bin/../lib/gcc/arm-none-eabi/10.3.1/../../../../arm-none-eabi/lib/thumb/v7-m/nofp\libg.a(lib_a-mallocr.o)
                0x20000848                __malloc_trim_threshold
 .data.__global_locale
                0x2000084c      0x16c e:/workspace/clion/gcc-arm-none-eabi-10.3-2021.10/bin/../lib/gcc/arm-none-eabi/10.3.1/../../../../arm-none-eabi/lib/thumb/v7-m/nofp\libg.a(lib_a-locale.o)
                0x2000084c                __global_locale
 *(.RamFunc)
 *(.RamFunc*)
                0x200009b8                . = ALIGN (0x4)
                0x200009b8                _edata = .

.igot.plt       0x200009b8        0x0 load address 0x0800954c
 .igot.plt      0x200009b8        0x0 e:/workspace/clion/gcc-arm-none-eabi-10.3-2021.10/bin/../lib/gcc/arm-none-eabi/10.3.1/thumb/v7-m/nofp/crtbegin.o
                0x200009b8                . = ALIGN (0x4)

.bss            0x200009b8      0x100 load address 0x0800954c
                0x200009b8                _sbss = .
                0x200009b8                __bss_start__ = _sbss
 *(.bss)
 .bss           0x200009b8       0x1c e:/workspace/clion/gcc-arm-none-eabi-10.3-2021.10/bin/../lib/gcc/arm-none-eabi/10.3.1/thumb/v7-m/nofp/crtbegin.o
 *(.bss*)
 .bss.htim1     0x200009d4       0x48 CMakeFiles/STM32_io_iic.elf.dir/Core/Src/main.c.obj
                0x200009d4                htim1
 .bss.huart1    0x20000a1c       0x48 CMakeFiles/STM32_io_iic.elf.dir/Core/Src/main.c.obj
                0x20000a1c                huart1
 .bss.gHuart    0x20000a64        0x4 CMakeFiles/STM32_io_iic.elf.dir/Core/Src/retarget.c.obj
                0x20000a64                gHuart
 .bss.__sbrk_heap_end
                0x20000a68        0x4 CMakeFiles/STM32_io_iic.elf.dir/Core/Src/sysmem.c.obj
 .bss.uwTick    0x20000a6c        0x4 CMakeFiles/STM32_io_iic.elf.dir/Drivers/STM32F1xx_HAL_Driver/Src/stm32f1xx_hal.c.obj
                0x20000a6c                uwTick
 .bss.__lock___atexit_recursive_mutex
                0x20000a70        0x1 e:/workspace/clion/gcc-arm-none-eabi-10.3-2021.10/bin/../lib/gcc/arm-none-eabi/10.3.1/../../../../arm-none-eabi/lib/thumb/v7-m/nofp\libg.a(lib_a-lock.o)
                0x20000a70                __lock___atexit_recursive_mutex
 *fill*         0x20000a71        0x3 
 .bss.__lock___malloc_recursive_mutex
                0x20000a74        0x1 e:/workspace/clion/gcc-arm-none-eabi-10.3-2021.10/bin/../lib/gcc/arm-none-eabi/10.3.1/../../../../arm-none-eabi/lib/thumb/v7-m/nofp\libg.a(lib_a-lock.o)
                0x20000a74                __lock___malloc_recursive_mutex
 *fill*         0x20000a75        0x3 
 .bss.__lock___sfp_recursive_mutex
                0x20000a78        0x1 e:/workspace/clion/gcc-arm-none-eabi-10.3-2021.10/bin/../lib/gcc/arm-none-eabi/10.3.1/../../../../arm-none-eabi/lib/thumb/v7-m/nofp\libg.a(lib_a-lock.o)
                0x20000a78                __lock___sfp_recursive_mutex
 *fill*         0x20000a79        0x3 
 .bss.__lock___sinit_recursive_mutex
                0x20000a7c        0x1 e:/workspace/clion/gcc-arm-none-eabi-10.3-2021.10/bin/../lib/gcc/arm-none-eabi/10.3.1/../../../../arm-none-eabi/lib/thumb/v7-m/nofp\libg.a(lib_a-lock.o)
                0x20000a7c                __lock___sinit_recursive_mutex
 *fill*         0x20000a7d        0x3 
 .bss.__malloc_current_mallinfo
                0x20000a80       0x28 e:/workspace/clion/gcc-arm-none-eabi-10.3-2021.10/bin/../lib/gcc/arm-none-eabi/10.3.1/../../../../arm-none-eabi/lib/thumb/v7-m/nofp\libg.a(lib_a-mallocr.o)
                0x20000a80                __malloc_current_mallinfo
 .bss.__malloc_max_sbrked_mem
                0x20000aa8        0x4 e:/workspace/clion/gcc-arm-none-eabi-10.3-2021.10/bin/../lib/gcc/arm-none-eabi/10.3.1/../../../../arm-none-eabi/lib/thumb/v7-m/nofp\libg.a(lib_a-mallocr.o)
                0x20000aa8                __malloc_max_sbrked_mem
 .bss.__malloc_max_total_mem
                0x20000aac        0x4 e:/workspace/clion/gcc-arm-none-eabi-10.3-2021.10/bin/../lib/gcc/arm-none-eabi/10.3.1/../../../../arm-none-eabi/lib/thumb/v7-m/nofp\libg.a(lib_a-mallocr.o)
                0x20000aac                __malloc_max_total_mem
 .bss.__malloc_top_pad
                0x20000ab0        0x4 e:/workspace/clion/gcc-arm-none-eabi-10.3-2021.10/bin/../lib/gcc/arm-none-eabi/10.3.1/../../../../arm-none-eabi/lib/thumb/v7-m/nofp\libg.a(lib_a-mallocr.o)
                0x20000ab0                __malloc_top_pad
 .bss.errno     0x20000ab4        0x4 e:/workspace/clion/gcc-arm-none-eabi-10.3-2021.10/bin/../lib/gcc/arm-none-eabi/10.3.1/../../../../arm-none-eabi/lib/thumb/v7-m/nofp\libg.a(lib_a-reent.o)
                0x20000ab4                errno
 *(COMMON)
                0x20000ab8                . = ALIGN (0x4)
                0x20000ab8                _ebss = .
                0x20000ab8                __bss_end__ = _ebss

._user_heap_stack
                0x20000ab8      0x600 load address 0x0800954c
                0x20000ab8                . = ALIGN (0x8)
                [!provide]                PROVIDE (end = .)
                0x20000ab8                PROVIDE (_end = .)
                0x20000cb8                . = (. + _Min_Heap_Size)
 *fill*         0x20000ab8      0x200 
                0x200010b8                . = (. + _Min_Stack_Size)
 *fill*         0x20000cb8      0x400 
                0x200010b8                . = ALIGN (0x8)

/DISCARD/
 libc.a(*)
 libm.a(*)
 libgcc.a(*)

.ARM.attributes
                0x00000000       0x29
 *(.ARM.attributes)
 .ARM.attributes
                0x00000000       0x1d e:/workspace/clion/gcc-arm-none-eabi-10.3-2021.10/bin/../lib/gcc/arm-none-eabi/10.3.1/thumb/v7-m/nofp/crti.o
 .ARM.attributes
                0x0000001d       0x2d e:/workspace/clion/gcc-arm-none-eabi-10.3-2021.10/bin/../lib/gcc/arm-none-eabi/10.3.1/thumb/v7-m/nofp/crtbegin.o
 .ARM.attributes
                0x0000004a       0x2d CMakeFiles/STM32_io_iic.elf.dir/Core/Src/main.c.obj
 .ARM.attributes
                0x00000077       0x2d CMakeFiles/STM32_io_iic.elf.dir/Core/Src/retarget.c.obj
 .ARM.attributes
                0x000000a4       0x2d CMakeFiles/STM32_io_iic.elf.dir/Core/Src/stm32f1xx_hal_msp.c.obj
 .ARM.attributes
                0x000000d1       0x2d CMakeFiles/STM32_io_iic.elf.dir/Core/Src/stm32f1xx_it.c.obj
 .ARM.attributes
                0x000000fe       0x2d CMakeFiles/STM32_io_iic.elf.dir/Core/Src/syscalls.c.obj
 .ARM.attributes
                0x0000012b       0x2d CMakeFiles/STM32_io_iic.elf.dir/Core/Src/sysmem.c.obj
 .ARM.attributes
                0x00000158       0x2d CMakeFiles/STM32_io_iic.elf.dir/Core/Src/system_stm32f1xx.c.obj
 .ARM.attributes
                0x00000185       0x21 CMakeFiles/STM32_io_iic.elf.dir/Core/Startup/startup_stm32f103c8tx.s.obj
 .ARM.attributes
                0x000001a6       0x2d CMakeFiles/STM32_io_iic.elf.dir/Drivers/STM32F1xx_HAL_Driver/Src/stm32f1xx_hal.c.obj
 .ARM.attributes
                0x000001d3       0x2d CMakeFiles/STM32_io_iic.elf.dir/Drivers/STM32F1xx_HAL_Driver/Src/stm32f1xx_hal_cortex.c.obj
 .ARM.attributes
                0x00000200       0x2d CMakeFiles/STM32_io_iic.elf.dir/Drivers/STM32F1xx_HAL_Driver/Src/stm32f1xx_hal_gpio.c.obj
 .ARM.attributes
                0x0000022d       0x2d CMakeFiles/STM32_io_iic.elf.dir/Drivers/STM32F1xx_HAL_Driver/Src/stm32f1xx_hal_rcc.c.obj
 .ARM.attributes
                0x0000025a       0x2d CMakeFiles/STM32_io_iic.elf.dir/Drivers/STM32F1xx_HAL_Driver/Src/stm32f1xx_hal_tim.c.obj
 .ARM.attributes
                0x00000287       0x2d CMakeFiles/STM32_io_iic.elf.dir/Drivers/STM32F1xx_HAL_Driver/Src/stm32f1xx_hal_tim_ex.c.obj
 .ARM.attributes
                0x000002b4       0x2d CMakeFiles/STM32_io_iic.elf.dir/Drivers/STM32F1xx_HAL_Driver/Src/stm32f1xx_hal_uart.c.obj
 .ARM.attributes
                0x000002e1       0x2d e:/workspace/clion/gcc-arm-none-eabi-10.3-2021.10/bin/../lib/gcc/arm-none-eabi/10.3.1/../../../../arm-none-eabi/lib/thumb/v7-m/nofp\libg.a(lib_a-errno.o)
 .ARM.attributes
                0x0000030e       0x2d e:/workspace/clion/gcc-arm-none-eabi-10.3-2021.10/bin/../lib/gcc/arm-none-eabi/10.3.1/../../../../arm-none-eabi/lib/thumb/v7-m/nofp\libg.a(lib_a-impure.o)
 .ARM.attributes
                0x0000033b       0x2d e:/workspace/clion/gcc-arm-none-eabi-10.3-2021.10/bin/../lib/gcc/arm-none-eabi/10.3.1/../../../../arm-none-eabi/lib/thumb/v7-m/nofp\libg.a(lib_a-init.o)
 .ARM.attributes
                0x00000368       0x2d e:/workspace/clion/gcc-arm-none-eabi-10.3-2021.10/bin/../lib/gcc/arm-none-eabi/10.3.1/../../../../arm-none-eabi/lib/thumb/v7-m/nofp\libg.a(lib_a-memset.o)
 .ARM.attributes
                0x00000395       0x2d e:/workspace/clion/gcc-arm-none-eabi-10.3-2021.10/bin/../lib/gcc/arm-none-eabi/10.3.1/../../../../arm-none-eabi/lib/thumb/v7-m/nofp\libg.a(lib_a-printf.o)
 .ARM.attributes
                0x000003c2       0x2d e:/workspace/clion/gcc-arm-none-eabi-10.3-2021.10/bin/../lib/gcc/arm-none-eabi/10.3.1/../../../../arm-none-eabi/lib/thumb/v7-m/nofp\libg.a(lib_a-setvbuf.o)
 .ARM.attributes
                0x000003ef       0x2d e:/workspace/clion/gcc-arm-none-eabi-10.3-2021.10/bin/../lib/gcc/arm-none-eabi/10.3.1/../../../../arm-none-eabi/lib/thumb/v7-m/nofp\libg.a(lib_a-vfprintf.o)
 .ARM.attributes
                0x0000041c       0x2d e:/workspace/clion/gcc-arm-none-eabi-10.3-2021.10/bin/../lib/gcc/arm-none-eabi/10.3.1/../../../../arm-none-eabi/lib/thumb/v7-m/nofp\libg.a(lib_a-wsetup.o)
 .ARM.attributes
                0x00000449       0x2d e:/workspace/clion/gcc-arm-none-eabi-10.3-2021.10/bin/../lib/gcc/arm-none-eabi/10.3.1/../../../../arm-none-eabi/lib/thumb/v7-m/nofp\libg.a(lib_a-__call_atexit.o)
 .ARM.attributes
                0x00000476       0x2d e:/workspace/clion/gcc-arm-none-eabi-10.3-2021.10/bin/../lib/gcc/arm-none-eabi/10.3.1/../../../../arm-none-eabi/lib/thumb/v7-m/nofp\libg.a(lib_a-atexit.o)
 .ARM.attributes
                0x000004a3       0x2d e:/workspace/clion/gcc-arm-none-eabi-10.3-2021.10/bin/../lib/gcc/arm-none-eabi/10.3.1/../../../../arm-none-eabi/lib/thumb/v7-m/nofp\libg.a(lib_a-dtoa.o)
 .ARM.attributes
                0x000004d0       0x2d e:/workspace/clion/gcc-arm-none-eabi-10.3-2021.10/bin/../lib/gcc/arm-none-eabi/10.3.1/../../../../arm-none-eabi/lib/thumb/v7-m/nofp\libg.a(lib_a-fflush.o)
 .ARM.attributes
                0x000004fd       0x2d e:/workspace/clion/gcc-arm-none-eabi-10.3-2021.10/bin/../lib/gcc/arm-none-eabi/10.3.1/../../../../arm-none-eabi/lib/thumb/v7-m/nofp\libg.a(lib_a-findfp.o)
 .ARM.attributes
                0x0000052a       0x2d e:/workspace/clion/gcc-arm-none-eabi-10.3-2021.10/bin/../lib/gcc/arm-none-eabi/10.3.1/../../../../arm-none-eabi/lib/thumb/v7-m/nofp\libg.a(lib_a-fini.o)
 .ARM.attributes
                0x00000557       0x2d e:/workspace/clion/gcc-arm-none-eabi-10.3-2021.10/bin/../lib/gcc/arm-none-eabi/10.3.1/../../../../arm-none-eabi/lib/thumb/v7-m/nofp\libg.a(lib_a-freer.o)
 .ARM.attributes
                0x00000584       0x2d e:/workspace/clion/gcc-arm-none-eabi-10.3-2021.10/bin/../lib/gcc/arm-none-eabi/10.3.1/../../../../arm-none-eabi/lib/thumb/v7-m/nofp\libg.a(lib_a-fwalk.o)
 .ARM.attributes
                0x000005b1       0x2d e:/workspace/clion/gcc-arm-none-eabi-10.3-2021.10/bin/../lib/gcc/arm-none-eabi/10.3.1/../../../../arm-none-eabi/lib/thumb/v7-m/nofp\libg.a(lib_a-localeconv.o)
 .ARM.attributes
                0x000005de       0x2d e:/workspace/clion/gcc-arm-none-eabi-10.3-2021.10/bin/../lib/gcc/arm-none-eabi/10.3.1/../../../../arm-none-eabi/lib/thumb/v7-m/nofp\libg.a(lib_a-lock.o)
 .ARM.attributes
                0x0000060b       0x2d e:/workspace/clion/gcc-arm-none-eabi-10.3-2021.10/bin/../lib/gcc/arm-none-eabi/10.3.1/../../../../arm-none-eabi/lib/thumb/v7-m/nofp\libg.a(lib_a-makebuf.o)
 .ARM.attributes
                0x00000638       0x2d e:/workspace/clion/gcc-arm-none-eabi-10.3-2021.10/bin/../lib/gcc/arm-none-eabi/10.3.1/../../../../arm-none-eabi/lib/thumb/v7-m/nofp\libg.a(lib_a-malloc.o)
 .ARM.attributes
                0x00000665       0x2d e:/workspace/clion/gcc-arm-none-eabi-10.3-2021.10/bin/../lib/gcc/arm-none-eabi/10.3.1/../../../../arm-none-eabi/lib/thumb/v7-m/nofp\libg.a(lib_a-mallocr.o)
 .ARM.attributes
                0x00000692       0x2d e:/workspace/clion/gcc-arm-none-eabi-10.3-2021.10/bin/../lib/gcc/arm-none-eabi/10.3.1/../../../../arm-none-eabi/lib/thumb/v7-m/nofp\libg.a(lib_a-memchr-stub.o)
 .ARM.attributes
                0x000006bf       0x1b e:/workspace/clion/gcc-arm-none-eabi-10.3-2021.10/bin/../lib/gcc/arm-none-eabi/10.3.1/../../../../arm-none-eabi/lib/thumb/v7-m/nofp\libg.a(lib_a-memcpy.o)
 .ARM.attributes
                0x000006da       0x2d e:/workspace/clion/gcc-arm-none-eabi-10.3-2021.10/bin/../lib/gcc/arm-none-eabi/10.3.1/../../../../arm-none-eabi/lib/thumb/v7-m/nofp\libg.a(lib_a-mlock.o)
 .ARM.attributes
                0x00000707       0x2d e:/workspace/clion/gcc-arm-none-eabi-10.3-2021.10/bin/../lib/gcc/arm-none-eabi/10.3.1/../../../../arm-none-eabi/lib/thumb/v7-m/nofp\libg.a(lib_a-mprec.o)
 .ARM.attributes
                0x00000734       0x2d e:/workspace/clion/gcc-arm-none-eabi-10.3-2021.10/bin/../lib/gcc/arm-none-eabi/10.3.1/../../../../arm-none-eabi/lib/thumb/v7-m/nofp\libg.a(lib_a-s_frexp.o)
 .ARM.attributes
                0x00000761       0x2d e:/workspace/clion/gcc-arm-none-eabi-10.3-2021.10/bin/../lib/gcc/arm-none-eabi/10.3.1/../../../../arm-none-eabi/lib/thumb/v7-m/nofp\libg.a(lib_a-sbrkr.o)
 .ARM.attributes
                0x0000078e       0x2d e:/workspace/clion/gcc-arm-none-eabi-10.3-2021.10/bin/../lib/gcc/arm-none-eabi/10.3.1/../../../../arm-none-eabi/lib/thumb/v7-m/nofp\libg.a(lib_a-stdio.o)
 .ARM.attributes
                0x000007bb       0x2d e:/workspace/clion/gcc-arm-none-eabi-10.3-2021.10/bin/../lib/gcc/arm-none-eabi/10.3.1/../../../../arm-none-eabi/lib/thumb/v7-m/nofp\libg.a(lib_a-strlen-stub.o)
 .ARM.attributes
                0x000007e8       0x2d e:/workspace/clion/gcc-arm-none-eabi-10.3-2021.10/bin/../lib/gcc/arm-none-eabi/10.3.1/../../../../arm-none-eabi/lib/thumb/v7-m/nofp\libg.a(lib_a-strncpy.o)
 .ARM.attributes
                0x00000815       0x2d e:/workspace/clion/gcc-arm-none-eabi-10.3-2021.10/bin/../lib/gcc/arm-none-eabi/10.3.1/../../../../arm-none-eabi/lib/thumb/v7-m/nofp\libg.a(lib_a-vfiprintf.o)
 .ARM.attributes
                0x00000842       0x2d e:/workspace/clion/gcc-arm-none-eabi-10.3-2021.10/bin/../lib/gcc/arm-none-eabi/10.3.1/../../../../arm-none-eabi/lib/thumb/v7-m/nofp\libg.a(lib_a-writer.o)
 .ARM.attributes
                0x0000086f       0x2d e:/workspace/clion/gcc-arm-none-eabi-10.3-2021.10/bin/../lib/gcc/arm-none-eabi/10.3.1/../../../../arm-none-eabi/lib/thumb/v7-m/nofp\libg.a(lib_a-__atexit.o)
 .ARM.attributes
                0x0000089c       0x2d e:/workspace/clion/gcc-arm-none-eabi-10.3-2021.10/bin/../lib/gcc/arm-none-eabi/10.3.1/../../../../arm-none-eabi/lib/thumb/v7-m/nofp\libg.a(lib_a-assert.o)
 .ARM.attributes
                0x000008c9       0x2d e:/workspace/clion/gcc-arm-none-eabi-10.3-2021.10/bin/../lib/gcc/arm-none-eabi/10.3.1/../../../../arm-none-eabi/lib/thumb/v7-m/nofp\libg.a(lib_a-callocr.o)
 .ARM.attributes
                0x000008f6       0x2d e:/workspace/clion/gcc-arm-none-eabi-10.3-2021.10/bin/../lib/gcc/arm-none-eabi/10.3.1/../../../../arm-none-eabi/lib/thumb/v7-m/nofp\libg.a(lib_a-closer.o)
 .ARM.attributes
                0x00000923       0x2d e:/workspace/clion/gcc-arm-none-eabi-10.3-2021.10/bin/../lib/gcc/arm-none-eabi/10.3.1/../../../../arm-none-eabi/lib/thumb/v7-m/nofp\libg.a(lib_a-fclose.o)
 .ARM.attributes
                0x00000950       0x2d e:/workspace/clion/gcc-arm-none-eabi-10.3-2021.10/bin/../lib/gcc/arm-none-eabi/10.3.1/../../../../arm-none-eabi/lib/thumb/v7-m/nofp\libg.a(lib_a-fiprintf.o)
 .ARM.attributes
                0x0000097d       0x2d e:/workspace/clion/gcc-arm-none-eabi-10.3-2021.10/bin/../lib/gcc/arm-none-eabi/10.3.1/../../../../arm-none-eabi/lib/thumb/v7-m/nofp\libg.a(lib_a-fputwc.o)
 .ARM.attributes
                0x000009aa       0x2d e:/workspace/clion/gcc-arm-none-eabi-10.3-2021.10/bin/../lib/gcc/arm-none-eabi/10.3.1/../../../../arm-none-eabi/lib/thumb/v7-m/nofp\libg.a(lib_a-fstatr.o)
 .ARM.attributes
                0x000009d7       0x2d e:/workspace/clion/gcc-arm-none-eabi-10.3-2021.10/bin/../lib/gcc/arm-none-eabi/10.3.1/../../../../arm-none-eabi/lib/thumb/v7-m/nofp\libg.a(lib_a-fvwrite.o)
 .ARM.attributes
                0x00000a04       0x2d e:/workspace/clion/gcc-arm-none-eabi-10.3-2021.10/bin/../lib/gcc/arm-none-eabi/10.3.1/../../../../arm-none-eabi/lib/thumb/v7-m/nofp\libg.a(lib_a-isattyr.o)
 .ARM.attributes
                0x00000a31       0x2d e:/workspace/clion/gcc-arm-none-eabi-10.3-2021.10/bin/../lib/gcc/arm-none-eabi/10.3.1/../../../../arm-none-eabi/lib/thumb/v7-m/nofp\libg.a(lib_a-locale.o)
 .ARM.attributes
                0x00000a5e       0x2d e:/workspace/clion/gcc-arm-none-eabi-10.3-2021.10/bin/../lib/gcc/arm-none-eabi/10.3.1/../../../../arm-none-eabi/lib/thumb/v7-m/nofp\libg.a(lib_a-lseekr.o)
 .ARM.attributes
                0x00000a8b       0x2d e:/workspace/clion/gcc-arm-none-eabi-10.3-2021.10/bin/../lib/gcc/arm-none-eabi/10.3.1/../../../../arm-none-eabi/lib/thumb/v7-m/nofp\libg.a(lib_a-mbtowc_r.o)
 .ARM.attributes
                0x00000ab8       0x2d e:/workspace/clion/gcc-arm-none-eabi-10.3-2021.10/bin/../lib/gcc/arm-none-eabi/10.3.1/../../../../arm-none-eabi/lib/thumb/v7-m/nofp\libg.a(lib_a-memmove.o)
 .ARM.attributes
                0x00000ae5       0x2d e:/workspace/clion/gcc-arm-none-eabi-10.3-2021.10/bin/../lib/gcc/arm-none-eabi/10.3.1/../../../../arm-none-eabi/lib/thumb/v7-m/nofp\libg.a(lib_a-readr.o)
 .ARM.attributes
                0x00000b12       0x2d e:/workspace/clion/gcc-arm-none-eabi-10.3-2021.10/bin/../lib/gcc/arm-none-eabi/10.3.1/../../../../arm-none-eabi/lib/thumb/v7-m/nofp\libg.a(lib_a-reallocr.o)
 .ARM.attributes
                0x00000b3f       0x2d e:/workspace/clion/gcc-arm-none-eabi-10.3-2021.10/bin/../lib/gcc/arm-none-eabi/10.3.1/../../../../arm-none-eabi/lib/thumb/v7-m/nofp\libg.a(lib_a-reent.o)
 .ARM.attributes
                0x00000b6c       0x2d e:/workspace/clion/gcc-arm-none-eabi-10.3-2021.10/bin/../lib/gcc/arm-none-eabi/10.3.1/../../../../arm-none-eabi/lib/thumb/v7-m/nofp\libg.a(lib_a-wbuf.o)
 .ARM.attributes
                0x00000b99       0x2d e:/workspace/clion/gcc-arm-none-eabi-10.3-2021.10/bin/../lib/gcc/arm-none-eabi/10.3.1/../../../../arm-none-eabi/lib/thumb/v7-m/nofp\libg.a(lib_a-wcrtomb.o)
 .ARM.attributes
                0x00000bc6       0x2d e:/workspace/clion/gcc-arm-none-eabi-10.3-2021.10/bin/../lib/gcc/arm-none-eabi/10.3.1/../../../../arm-none-eabi/lib/thumb/v7-m/nofp\libg.a(lib_a-wctomb_r.o)
 .ARM.attributes
                0x00000bf3       0x2d e:/workspace/clion/gcc-arm-none-eabi-10.3-2021.10/bin/../lib/gcc/arm-none-eabi/10.3.1/../../../../arm-none-eabi/lib/thumb/v7-m/nofp\libg.a(lib_a-abort.o)
 .ARM.attributes
                0x00000c20       0x2d e:/workspace/clion/gcc-arm-none-eabi-10.3-2021.10/bin/../lib/gcc/arm-none-eabi/10.3.1/../../../../arm-none-eabi/lib/thumb/v7-m/nofp\libg.a(lib_a-ctype_.o)
 .ARM.attributes
                0x00000c4d       0x2d e:/workspace/clion/gcc-arm-none-eabi-10.3-2021.10/bin/../lib/gcc/arm-none-eabi/10.3.1/../../../../arm-none-eabi/lib/thumb/v7-m/nofp\libg.a(lib_a-signal.o)
 .ARM.attributes
                0x00000c7a       0x2d e:/workspace/clion/gcc-arm-none-eabi-10.3-2021.10/bin/../lib/gcc/arm-none-eabi/10.3.1/../../../../arm-none-eabi/lib/thumb/v7-m/nofp\libg.a(lib_a-signalr.o)
 .ARM.attributes
                0x00000ca7       0x1d e:/workspace/clion/gcc-arm-none-eabi-10.3-2021.10/bin/../lib/gcc/arm-none-eabi/10.3.1/thumb/v7-m/nofp\libgcc.a(_arm_addsubdf3.o)
 .ARM.attributes
                0x00000cc4       0x1d e:/workspace/clion/gcc-arm-none-eabi-10.3-2021.10/bin/../lib/gcc/arm-none-eabi/10.3.1/thumb/v7-m/nofp\libgcc.a(_arm_muldivdf3.o)
 .ARM.attributes
                0x00000ce1       0x1d e:/workspace/clion/gcc-arm-none-eabi-10.3-2021.10/bin/../lib/gcc/arm-none-eabi/10.3.1/thumb/v7-m/nofp\libgcc.a(_arm_cmpdf2.o)
 .ARM.attributes
                0x00000cfe       0x1d e:/workspace/clion/gcc-arm-none-eabi-10.3-2021.10/bin/../lib/gcc/arm-none-eabi/10.3.1/thumb/v7-m/nofp\libgcc.a(_arm_unorddf2.o)
 .ARM.attributes
                0x00000d1b       0x1d e:/workspace/clion/gcc-arm-none-eabi-10.3-2021.10/bin/../lib/gcc/arm-none-eabi/10.3.1/thumb/v7-m/nofp\libgcc.a(_arm_fixdfsi.o)
 .ARM.attributes
                0x00000d38       0x1d e:/workspace/clion/gcc-arm-none-eabi-10.3-2021.10/bin/../lib/gcc/arm-none-eabi/10.3.1/thumb/v7-m/nofp\libgcc.a(_aeabi_uldivmod.o)
 .ARM.attributes
                0x00000d55       0x2d e:/workspace/clion/gcc-arm-none-eabi-10.3-2021.10/bin/../lib/gcc/arm-none-eabi/10.3.1/thumb/v7-m/nofp\libgcc.a(_udivmoddi4.o)
 .ARM.attributes
                0x00000d82       0x1d e:/workspace/clion/gcc-arm-none-eabi-10.3-2021.10/bin/../lib/gcc/arm-none-eabi/10.3.1/thumb/v7-m/nofp\libgcc.a(_dvmd_tls.o)
 .ARM.attributes
                0x00000d9f       0x1d e:/workspace/clion/gcc-arm-none-eabi-10.3-2021.10/bin/../lib/gcc/arm-none-eabi/10.3.1/thumb/v7-m/nofp/crtn.o
OUTPUT(STM32_io_iic.elf elf32-littlearm)
LOAD linker stubs
LOAD e:/workspace/clion/gcc-arm-none-eabi-10.3-2021.10/bin/../lib/gcc/arm-none-eabi/10.3.1/../../../../arm-none-eabi/lib/thumb/v7-m/nofp\libc.a
LOAD e:/workspace/clion/gcc-arm-none-eabi-10.3-2021.10/bin/../lib/gcc/arm-none-eabi/10.3.1/../../../../arm-none-eabi/lib/thumb/v7-m/nofp\libm.a
LOAD e:/workspace/clion/gcc-arm-none-eabi-10.3-2021.10/bin/../lib/gcc/arm-none-eabi/10.3.1/thumb/v7-m/nofp\libgcc.a

.debug_info     0x00000000     0xfea4
 .debug_info    0x00000000     0x13a9 CMakeFiles/STM32_io_iic.elf.dir/Core/Src/main.c.obj
 .debug_info    0x000013a9     0x12d5 CMakeFiles/STM32_io_iic.elf.dir/Core/Src/retarget.c.obj
 .debug_info    0x0000267e      0xc53 CMakeFiles/STM32_io_iic.elf.dir/Core/Src/stm32f1xx_hal_msp.c.obj
 .debug_info    0x000032d1      0x130 CMakeFiles/STM32_io_iic.elf.dir/Core/Src/stm32f1xx_it.c.obj
 .debug_info    0x00003401      0x6ca CMakeFiles/STM32_io_iic.elf.dir/Core/Src/syscalls.c.obj
 .debug_info    0x00003acb      0x174 CMakeFiles/STM32_io_iic.elf.dir/Core/Src/sysmem.c.obj
 .debug_info    0x00003c3f      0x248 CMakeFiles/STM32_io_iic.elf.dir/Core/Src/system_stm32f1xx.c.obj
 .debug_info    0x00003e87       0x22 CMakeFiles/STM32_io_iic.elf.dir/Core/Startup/startup_stm32f103c8tx.s.obj
 .debug_info    0x00003ea9      0x7a8 CMakeFiles/STM32_io_iic.elf.dir/Drivers/STM32F1xx_HAL_Driver/Src/stm32f1xx_hal.c.obj
 .debug_info    0x00004651      0xd8a CMakeFiles/STM32_io_iic.elf.dir/Drivers/STM32F1xx_HAL_Driver/Src/stm32f1xx_hal_cortex.c.obj
 .debug_info    0x000053db      0x66f CMakeFiles/STM32_io_iic.elf.dir/Drivers/STM32F1xx_HAL_Driver/Src/stm32f1xx_hal_gpio.c.obj
 .debug_info    0x00005a4a      0xa3b CMakeFiles/STM32_io_iic.elf.dir/Drivers/STM32F1xx_HAL_Driver/Src/stm32f1xx_hal_rcc.c.obj
 .debug_info    0x00006485     0x3d52 CMakeFiles/STM32_io_iic.elf.dir/Drivers/STM32F1xx_HAL_Driver/Src/stm32f1xx_hal_tim.c.obj
 .debug_info    0x0000a1d7     0x1abb CMakeFiles/STM32_io_iic.elf.dir/Drivers/STM32F1xx_HAL_Driver/Src/stm32f1xx_hal_tim_ex.c.obj
 .debug_info    0x0000bc92     0x4212 CMakeFiles/STM32_io_iic.elf.dir/Drivers/STM32F1xx_HAL_Driver/Src/stm32f1xx_hal_uart.c.obj

.debug_abbrev   0x00000000     0x1d33
 .debug_abbrev  0x00000000      0x34d CMakeFiles/STM32_io_iic.elf.dir/Core/Src/main.c.obj
 .debug_abbrev  0x0000034d      0x2b4 CMakeFiles/STM32_io_iic.elf.dir/Core/Src/retarget.c.obj
 .debug_abbrev  0x00000601      0x1db CMakeFiles/STM32_io_iic.elf.dir/Core/Src/stm32f1xx_hal_msp.c.obj
 .debug_abbrev  0x000007dc       0x7e CMakeFiles/STM32_io_iic.elf.dir/Core/Src/stm32f1xx_it.c.obj
 .debug_abbrev  0x0000085a      0x1a3 CMakeFiles/STM32_io_iic.elf.dir/Core/Src/syscalls.c.obj
 .debug_abbrev  0x000009fd       0xe7 CMakeFiles/STM32_io_iic.elf.dir/Core/Src/sysmem.c.obj
 .debug_abbrev  0x00000ae4      0x13e CMakeFiles/STM32_io_iic.elf.dir/Core/Src/system_stm32f1xx.c.obj
 .debug_abbrev  0x00000c22       0x12 CMakeFiles/STM32_io_iic.elf.dir/Core/Startup/startup_stm32f103c8tx.s.obj
 .debug_abbrev  0x00000c34      0x1f4 CMakeFiles/STM32_io_iic.elf.dir/Drivers/STM32F1xx_HAL_Driver/Src/stm32f1xx_hal.c.obj
 .debug_abbrev  0x00000e28      0x341 CMakeFiles/STM32_io_iic.elf.dir/Drivers/STM32F1xx_HAL_Driver/Src/stm32f1xx_hal_cortex.c.obj
 .debug_abbrev  0x00001169      0x1e6 CMakeFiles/STM32_io_iic.elf.dir/Drivers/STM32F1xx_HAL_Driver/Src/stm32f1xx_hal_gpio.c.obj
 .debug_abbrev  0x0000134f      0x27a CMakeFiles/STM32_io_iic.elf.dir/Drivers/STM32F1xx_HAL_Driver/Src/stm32f1xx_hal_rcc.c.obj
 .debug_abbrev  0x000015c9      0x245 CMakeFiles/STM32_io_iic.elf.dir/Drivers/STM32F1xx_HAL_Driver/Src/stm32f1xx_hal_tim.c.obj
 .debug_abbrev  0x0000180e      0x248 CMakeFiles/STM32_io_iic.elf.dir/Drivers/STM32F1xx_HAL_Driver/Src/stm32f1xx_hal_tim_ex.c.obj
 .debug_abbrev  0x00001a56      0x2dd CMakeFiles/STM32_io_iic.elf.dir/Drivers/STM32F1xx_HAL_Driver/Src/stm32f1xx_hal_uart.c.obj

.debug_loc      0x00000000     0xd384
 .debug_loc     0x00000000      0x1d1 CMakeFiles/STM32_io_iic.elf.dir/Core/Src/main.c.obj
 .debug_loc     0x000001d1      0x389 CMakeFiles/STM32_io_iic.elf.dir/Core/Src/retarget.c.obj
 .debug_loc     0x0000055a       0x99 CMakeFiles/STM32_io_iic.elf.dir/Core/Src/stm32f1xx_hal_msp.c.obj
 .debug_loc     0x000005f3      0x331 CMakeFiles/STM32_io_iic.elf.dir/Core/Src/syscalls.c.obj
 .debug_loc     0x00000924       0x64 CMakeFiles/STM32_io_iic.elf.dir/Core/Src/sysmem.c.obj
 .debug_loc     0x00000988       0xff CMakeFiles/STM32_io_iic.elf.dir/Core/Src/system_stm32f1xx.c.obj
 .debug_loc     0x00000a87      0x141 CMakeFiles/STM32_io_iic.elf.dir/Drivers/STM32F1xx_HAL_Driver/Src/stm32f1xx_hal.c.obj
 .debug_loc     0x00000bc8      0x71f CMakeFiles/STM32_io_iic.elf.dir/Drivers/STM32F1xx_HAL_Driver/Src/stm32f1xx_hal_cortex.c.obj
 .debug_loc     0x000012e7      0x47d CMakeFiles/STM32_io_iic.elf.dir/Drivers/STM32F1xx_HAL_Driver/Src/stm32f1xx_hal_gpio.c.obj
 .debug_loc     0x00001764      0x618 CMakeFiles/STM32_io_iic.elf.dir/Drivers/STM32F1xx_HAL_Driver/Src/stm32f1xx_hal_rcc.c.obj
 .debug_loc     0x00001d7c     0x50fa CMakeFiles/STM32_io_iic.elf.dir/Drivers/STM32F1xx_HAL_Driver/Src/stm32f1xx_hal_tim.c.obj
 .debug_loc     0x00006e76     0x1c93 CMakeFiles/STM32_io_iic.elf.dir/Drivers/STM32F1xx_HAL_Driver/Src/stm32f1xx_hal_tim_ex.c.obj
 .debug_loc     0x00008b09     0x487b CMakeFiles/STM32_io_iic.elf.dir/Drivers/STM32F1xx_HAL_Driver/Src/stm32f1xx_hal_uart.c.obj

.debug_aranges  0x00000000      0xc18
 .debug_aranges
                0x00000000       0x98 CMakeFiles/STM32_io_iic.elf.dir/Core/Src/main.c.obj
 .debug_aranges
                0x00000098       0x50 CMakeFiles/STM32_io_iic.elf.dir/Core/Src/retarget.c.obj
 .debug_aranges
                0x000000e8       0x40 CMakeFiles/STM32_io_iic.elf.dir/Core/Src/stm32f1xx_hal_msp.c.obj
 .debug_aranges
                0x00000128       0x60 CMakeFiles/STM32_io_iic.elf.dir/Core/Src/stm32f1xx_it.c.obj
 .debug_aranges
                0x00000188       0x88 CMakeFiles/STM32_io_iic.elf.dir/Core/Src/syscalls.c.obj
 .debug_aranges
                0x00000210       0x20 CMakeFiles/STM32_io_iic.elf.dir/Core/Src/sysmem.c.obj
 .debug_aranges
                0x00000230       0x28 CMakeFiles/STM32_io_iic.elf.dir/Core/Src/system_stm32f1xx.c.obj
 .debug_aranges
                0x00000258       0x28 CMakeFiles/STM32_io_iic.elf.dir/Core/Startup/startup_stm32f103c8tx.s.obj
 .debug_aranges
                0x00000280       0xe0 CMakeFiles/STM32_io_iic.elf.dir/Drivers/STM32F1xx_HAL_Driver/Src/stm32f1xx_hal.c.obj
 .debug_aranges
                0x00000360       0x90 CMakeFiles/STM32_io_iic.elf.dir/Drivers/STM32F1xx_HAL_Driver/Src/stm32f1xx_hal_cortex.c.obj
 .debug_aranges
                0x000003f0       0x58 CMakeFiles/STM32_io_iic.elf.dir/Drivers/STM32F1xx_HAL_Driver/Src/stm32f1xx_hal_gpio.c.obj
 .debug_aranges
                0x00000448       0x90 CMakeFiles/STM32_io_iic.elf.dir/Drivers/STM32F1xx_HAL_Driver/Src/stm32f1xx_hal_rcc.c.obj
 .debug_aranges
                0x000004d8      0x3d0 CMakeFiles/STM32_io_iic.elf.dir/Drivers/STM32F1xx_HAL_Driver/Src/stm32f1xx_hal_tim.c.obj
 .debug_aranges
                0x000008a8      0x168 CMakeFiles/STM32_io_iic.elf.dir/Drivers/STM32F1xx_HAL_Driver/Src/stm32f1xx_hal_tim_ex.c.obj
 .debug_aranges
                0x00000a10      0x208 CMakeFiles/STM32_io_iic.elf.dir/Drivers/STM32F1xx_HAL_Driver/Src/stm32f1xx_hal_uart.c.obj

.debug_ranges   0x00000000      0xbc8
 .debug_ranges  0x00000000       0x88 CMakeFiles/STM32_io_iic.elf.dir/Core/Src/main.c.obj
 .debug_ranges  0x00000088       0x40 CMakeFiles/STM32_io_iic.elf.dir/Core/Src/retarget.c.obj
 .debug_ranges  0x000000c8       0x30 CMakeFiles/STM32_io_iic.elf.dir/Core/Src/stm32f1xx_hal_msp.c.obj
 .debug_ranges  0x000000f8       0x50 CMakeFiles/STM32_io_iic.elf.dir/Core/Src/stm32f1xx_it.c.obj
 .debug_ranges  0x00000148       0x78 CMakeFiles/STM32_io_iic.elf.dir/Core/Src/syscalls.c.obj
 .debug_ranges  0x000001c0       0x10 CMakeFiles/STM32_io_iic.elf.dir/Core/Src/sysmem.c.obj
 .debug_ranges  0x000001d0       0x18 CMakeFiles/STM32_io_iic.elf.dir/Core/Src/system_stm32f1xx.c.obj
 .debug_ranges  0x000001e8       0x20 CMakeFiles/STM32_io_iic.elf.dir/Core/Startup/startup_stm32f103c8tx.s.obj
 .debug_ranges  0x00000208       0xd0 CMakeFiles/STM32_io_iic.elf.dir/Drivers/STM32F1xx_HAL_Driver/Src/stm32f1xx_hal.c.obj
 .debug_ranges  0x000002d8       0xe0 CMakeFiles/STM32_io_iic.elf.dir/Drivers/STM32F1xx_HAL_Driver/Src/stm32f1xx_hal_cortex.c.obj
 .debug_ranges  0x000003b8       0x48 CMakeFiles/STM32_io_iic.elf.dir/Drivers/STM32F1xx_HAL_Driver/Src/stm32f1xx_hal_gpio.c.obj
 .debug_ranges  0x00000400       0xa0 CMakeFiles/STM32_io_iic.elf.dir/Drivers/STM32F1xx_HAL_Driver/Src/stm32f1xx_hal_rcc.c.obj
 .debug_ranges  0x000004a0      0x3c0 CMakeFiles/STM32_io_iic.elf.dir/Drivers/STM32F1xx_HAL_Driver/Src/stm32f1xx_hal_tim.c.obj
 .debug_ranges  0x00000860      0x158 CMakeFiles/STM32_io_iic.elf.dir/Drivers/STM32F1xx_HAL_Driver/Src/stm32f1xx_hal_tim_ex.c.obj
 .debug_ranges  0x000009b8      0x210 CMakeFiles/STM32_io_iic.elf.dir/Drivers/STM32F1xx_HAL_Driver/Src/stm32f1xx_hal_uart.c.obj

.debug_line     0x00000000     0xe5a5
 .debug_line    0x00000000      0x905 CMakeFiles/STM32_io_iic.elf.dir/Core/Src/main.c.obj
 .debug_line    0x00000905      0x4b8 CMakeFiles/STM32_io_iic.elf.dir/Core/Src/retarget.c.obj
 .debug_line    0x00000dbd      0x37b CMakeFiles/STM32_io_iic.elf.dir/Core/Src/stm32f1xx_hal_msp.c.obj
 .debug_line    0x00001138      0x1d3 CMakeFiles/STM32_io_iic.elf.dir/Core/Src/stm32f1xx_it.c.obj
 .debug_line    0x0000130b      0x3b8 CMakeFiles/STM32_io_iic.elf.dir/Core/Src/syscalls.c.obj
 .debug_line    0x000016c3      0x1ed CMakeFiles/STM32_io_iic.elf.dir/Core/Src/sysmem.c.obj
 .debug_line    0x000018b0      0x284 CMakeFiles/STM32_io_iic.elf.dir/Core/Src/system_stm32f1xx.c.obj
 .debug_line    0x00001b34       0xb1 CMakeFiles/STM32_io_iic.elf.dir/Core/Startup/startup_stm32f103c8tx.s.obj
 .debug_line    0x00001be5      0x5c8 CMakeFiles/STM32_io_iic.elf.dir/Drivers/STM32F1xx_HAL_Driver/Src/stm32f1xx_hal.c.obj
 .debug_line    0x000021ad      0x6a5 CMakeFiles/STM32_io_iic.elf.dir/Drivers/STM32F1xx_HAL_Driver/Src/stm32f1xx_hal_cortex.c.obj
 .debug_line    0x00002852      0x64d CMakeFiles/STM32_io_iic.elf.dir/Drivers/STM32F1xx_HAL_Driver/Src/stm32f1xx_hal_gpio.c.obj
 .debug_line    0x00002e9f      0xc8a CMakeFiles/STM32_io_iic.elf.dir/Drivers/STM32F1xx_HAL_Driver/Src/stm32f1xx_hal_rcc.c.obj
 .debug_line    0x00003b29     0x49e5 CMakeFiles/STM32_io_iic.elf.dir/Drivers/STM32F1xx_HAL_Driver/Src/stm32f1xx_hal_tim.c.obj
 .debug_line    0x0000850e     0x1c5a CMakeFiles/STM32_io_iic.elf.dir/Drivers/STM32F1xx_HAL_Driver/Src/stm32f1xx_hal_tim_ex.c.obj
 .debug_line    0x0000a168     0x443d CMakeFiles/STM32_io_iic.elf.dir/Drivers/STM32F1xx_HAL_Driver/Src/stm32f1xx_hal_uart.c.obj

.debug_str      0x00000000     0x3d87
 .debug_str     0x00000000      0xc70 CMakeFiles/STM32_io_iic.elf.dir/Core/Src/main.c.obj
                                0xd61 (size before relaxing)
 .debug_str     0x00000c70      0x529 CMakeFiles/STM32_io_iic.elf.dir/Core/Src/retarget.c.obj
                                0xb8f (size before relaxing)
 .debug_str     0x00001199       0xef CMakeFiles/STM32_io_iic.elf.dir/Core/Src/stm32f1xx_hal_msp.c.obj
                                0xa0b (size before relaxing)
 .debug_str     0x00001288       0xe2 CMakeFiles/STM32_io_iic.elf.dir/Core/Src/stm32f1xx_it.c.obj
                                0x276 (size before relaxing)
 .debug_str     0x0000136a      0x10a CMakeFiles/STM32_io_iic.elf.dir/Core/Src/syscalls.c.obj
                                0x423 (size before relaxing)
 .debug_str     0x00001474       0xa0 CMakeFiles/STM32_io_iic.elf.dir/Core/Src/sysmem.c.obj
                                0x26c (size before relaxing)
 .debug_str     0x00001514       0xa9 CMakeFiles/STM32_io_iic.elf.dir/Core/Src/system_stm32f1xx.c.obj
                                0x2a8 (size before relaxing)
 .debug_str     0x000015bd       0x61 CMakeFiles/STM32_io_iic.elf.dir/Core/Startup/startup_stm32f103c8tx.s.obj
                                 0xa1 (size before relaxing)
 .debug_str     0x0000161e      0x602 CMakeFiles/STM32_io_iic.elf.dir/Drivers/STM32F1xx_HAL_Driver/Src/stm32f1xx_hal.c.obj
                                0x878 (size before relaxing)
 .debug_str     0x00001c20      0x3f0 CMakeFiles/STM32_io_iic.elf.dir/Drivers/STM32F1xx_HAL_Driver/Src/stm32f1xx_hal_cortex.c.obj
                                0x927 (size before relaxing)
 .debug_str     0x00002010      0x145 CMakeFiles/STM32_io_iic.elf.dir/Drivers/STM32F1xx_HAL_Driver/Src/stm32f1xx_hal_gpio.c.obj
                                0x454 (size before relaxing)
 .debug_str     0x00002155      0x21f CMakeFiles/STM32_io_iic.elf.dir/Drivers/STM32F1xx_HAL_Driver/Src/stm32f1xx_hal_rcc.c.obj
                                0x67f (size before relaxing)
 .debug_str     0x00002374      0xe8d CMakeFiles/STM32_io_iic.elf.dir/Drivers/STM32F1xx_HAL_Driver/Src/stm32f1xx_hal_tim.c.obj
                               0x1693 (size before relaxing)
 .debug_str     0x00003201      0x54f CMakeFiles/STM32_io_iic.elf.dir/Drivers/STM32F1xx_HAL_Driver/Src/stm32f1xx_hal_tim_ex.c.obj
                                0xe94 (size before relaxing)
 .debug_str     0x00003750      0x637 CMakeFiles/STM32_io_iic.elf.dir/Drivers/STM32F1xx_HAL_Driver/Src/stm32f1xx_hal_uart.c.obj
                                0xd48 (size before relaxing)

.comment        0x00000000       0x49
 .comment       0x00000000       0x49 CMakeFiles/STM32_io_iic.elf.dir/Core/Src/main.c.obj
                                 0x4a (size before relaxing)
 .comment       0x00000049       0x4a CMakeFiles/STM32_io_iic.elf.dir/Core/Src/retarget.c.obj
 .comment       0x00000049       0x4a CMakeFiles/STM32_io_iic.elf.dir/Core/Src/stm32f1xx_hal_msp.c.obj
 .comment       0x00000049       0x4a CMakeFiles/STM32_io_iic.elf.dir/Core/Src/stm32f1xx_it.c.obj
 .comment       0x00000049       0x4a CMakeFiles/STM32_io_iic.elf.dir/Core/Src/syscalls.c.obj
 .comment       0x00000049       0x4a CMakeFiles/STM32_io_iic.elf.dir/Core/Src/sysmem.c.obj
 .comment       0x00000049       0x4a CMakeFiles/STM32_io_iic.elf.dir/Core/Src/system_stm32f1xx.c.obj
 .comment       0x00000049       0x4a CMakeFiles/STM32_io_iic.elf.dir/Drivers/STM32F1xx_HAL_Driver/Src/stm32f1xx_hal.c.obj
 .comment       0x00000049       0x4a CMakeFiles/STM32_io_iic.elf.dir/Drivers/STM32F1xx_HAL_Driver/Src/stm32f1xx_hal_cortex.c.obj
 .comment       0x00000049       0x4a CMakeFiles/STM32_io_iic.elf.dir/Drivers/STM32F1xx_HAL_Driver/Src/stm32f1xx_hal_gpio.c.obj
 .comment       0x00000049       0x4a CMakeFiles/STM32_io_iic.elf.dir/Drivers/STM32F1xx_HAL_Driver/Src/stm32f1xx_hal_rcc.c.obj
 .comment       0x00000049       0x4a CMakeFiles/STM32_io_iic.elf.dir/Drivers/STM32F1xx_HAL_Driver/Src/stm32f1xx_hal_tim.c.obj
 .comment       0x00000049       0x4a CMakeFiles/STM32_io_iic.elf.dir/Drivers/STM32F1xx_HAL_Driver/Src/stm32f1xx_hal_tim_ex.c.obj
 .comment       0x00000049       0x4a CMakeFiles/STM32_io_iic.elf.dir/Drivers/STM32F1xx_HAL_Driver/Src/stm32f1xx_hal_uart.c.obj

.debug_frame    0x00000000     0x35a0
 .debug_frame   0x00000000      0x1bc CMakeFiles/STM32_io_iic.elf.dir/Core/Src/main.c.obj
 .debug_frame   0x000001bc       0xb8 CMakeFiles/STM32_io_iic.elf.dir/Core/Src/retarget.c.obj
 .debug_frame   0x00000274       0x88 CMakeFiles/STM32_io_iic.elf.dir/Core/Src/stm32f1xx_hal_msp.c.obj
 .debug_frame   0x000002fc       0xa8 CMakeFiles/STM32_io_iic.elf.dir/Core/Src/stm32f1xx_it.c.obj
 .debug_frame   0x000003a4      0x150 CMakeFiles/STM32_io_iic.elf.dir/Core/Src/syscalls.c.obj
 .debug_frame   0x000004f4       0x28 CMakeFiles/STM32_io_iic.elf.dir/Core/Src/sysmem.c.obj
 .debug_frame   0x0000051c       0x30 CMakeFiles/STM32_io_iic.elf.dir/Core/Src/system_stm32f1xx.c.obj
 .debug_frame   0x0000054c      0x1cc CMakeFiles/STM32_io_iic.elf.dir/Drivers/STM32F1xx_HAL_Driver/Src/stm32f1xx_hal.c.obj
 .debug_frame   0x00000718      0x118 CMakeFiles/STM32_io_iic.elf.dir/Drivers/STM32F1xx_HAL_Driver/Src/stm32f1xx_hal_cortex.c.obj
 .debug_frame   0x00000830       0xe4 CMakeFiles/STM32_io_iic.elf.dir/Drivers/STM32F1xx_HAL_Driver/Src/stm32f1xx_hal_gpio.c.obj
 .debug_frame   0x00000914      0x184 CMakeFiles/STM32_io_iic.elf.dir/Drivers/STM32F1xx_HAL_Driver/Src/stm32f1xx_hal_rcc.c.obj
 .debug_frame   0x00000a98      0xb18 CMakeFiles/STM32_io_iic.elf.dir/Drivers/STM32F1xx_HAL_Driver/Src/stm32f1xx_hal_tim.c.obj
 .debug_frame   0x000015b0      0x40c CMakeFiles/STM32_io_iic.elf.dir/Drivers/STM32F1xx_HAL_Driver/Src/stm32f1xx_hal_tim_ex.c.obj
 .debug_frame   0x000019bc      0x5d8 CMakeFiles/STM32_io_iic.elf.dir/Drivers/STM32F1xx_HAL_Driver/Src/stm32f1xx_hal_uart.c.obj
 .debug_frame   0x00001f94       0x20 e:/workspace/clion/gcc-arm-none-eabi-10.3-2021.10/bin/../lib/gcc/arm-none-eabi/10.3.1/../../../../arm-none-eabi/lib/thumb/v7-m/nofp\libg.a(lib_a-errno.o)
 .debug_frame   0x00001fb4       0x2c e:/workspace/clion/gcc-arm-none-eabi-10.3-2021.10/bin/../lib/gcc/arm-none-eabi/10.3.1/../../../../arm-none-eabi/lib/thumb/v7-m/nofp\libg.a(lib_a-init.o)